../Core/Src/main.c:88:5:main	8	static
../Core/Src/main.c:145:6:SystemClock_Config	96	static
../Core/Src/main.c:207:6:PeriphCommonClock_Config	144	static
../Core/Src/main.c:234:13:MX_I2C1_Init	8	static
../Core/Src/main.c:282:13:MX_I2C2_Init	8	static
../Core/Src/main.c:330:13:MX_LCD_Init	8	static
../Core/Src/main.c:368:13:MX_QUADSPI_Init	8	static
../Core/Src/main.c:401:13:MX_SAI1_Init	8	static
../Core/Src/main.c:476:13:MX_SPI2_Init	8	static
../Core/Src/main.c:516:13:MX_USART2_UART_Init	8	static
../Core/Src/main.c:551:13:MX_GPIO_Init	56	static
../Core/Src/main.c:685:6:Error_Handler	4	static,ignoring_inline_asm
