16:35:24 **** Incremental Build of configuration Debug for project STM32L476VGT6 ****
make -j12 all 
arm-none-eabi-gcc "../Core/Src/main.c" -mcpu=cortex-m4 -std=gnu11 -g3 -DDEBUG -DUSE_HAL_DRIVER -DSTM32L476xx -c -I../Core/Inc -I../Drivers/STM32L4xx_HAL_Driver/Inc -I../Drivers/STM32L4xx_HAL_Driver/Inc/Legacy -I../Drivers/CMSIS/Device/ST/STM32L4xx/Include -I../Drivers/CMSIS/Include -O0 -ffunction-sections -fdata-sections -Wall -fstack-usage -fcyclomatic-complexity -MMD -MP -MF"Core/Src/main.d" -MT"Core/Src/main.o" --specs=nano.specs -mfpu=fpv4-sp-d16 -mfloat-abi=hard -mthumb -o "Core/Src/main.o"
arm-none-eabi-gcc -o "STM32L476VGT6.elf" @"objects.list"   -mcpu=cortex-m4 -T"C:\Users\1234\STM32CubeIDE\CapsoneProject\STM32L476VGT6\STM32L476VGTX_FLASH.ld" --specs=nosys.specs -Wl,-Map="STM32L476VGT6.map" -Wl,--gc-sections -static --specs=nano.specs -mfpu=fpv4-sp-d16 -mfloat-abi=hard -mthumb -Wl,--start-group -lc -lm -Wl,--end-group
Finished building target: STM32L476VGT6.elf
 
arm-none-eabi-size   STM32L476VGT6.elf 
arm-none-eabi-objdump -h -S  STM32L476VGT6.elf  > "STM32L476VGT6.list"
   text	   data	    bss	    dec	    hex	filename
  10620	     20	   1644	  12284	   2ffc	STM32L476VGT6.elf
Finished building: default.size.stdout
 
Finished building: STM32L476VGT6.list
 

16:35:27 Build Finished. 0 errors, 0 warnings. (took 2s.803ms)

