15:43:23 **** Incremental Build of configuration Debug for project TrafficLIght_Test ****
make -j12 all 
arm-none-eabi-gcc "../Core/Src/main.c" -mcpu=cortex-m4 -std=gnu11 -g3 -DDEBUG -DUSE_HAL_DRIVER -DSTM32L476xx -c -I../USB_HOST/App -I../USB_HOST/Target -I../Core/Inc -I../Drivers/STM32L4xx_HAL_Driver/Inc -I../Drivers/STM32L4xx_HAL_Driver/Inc/Legacy -I../Middlewares/ST/STM32_USB_Host_Library/Core/Inc -I../Middlewares/ST/STM32_USB_Host_Library/Class/CDC/Inc -I../Drivers/CMSIS/Device/ST/STM32L4xx/Include -I../Drivers/CMSIS/Include -O0 -ffunction-sections -fdata-sections -Wall -fstack-usage -fcyclomatic-complexity -MMD -MP -MF"Core/Src/main.d" -MT"Core/Src/main.o" --specs=nano.specs -mfpu=fpv4-sp-d16 -mfloat-abi=hard -mthumb -o "Core/Src/main.o"
arm-none-eabi-gcc -o "TrafficLIght_Test.elf" @"objects.list"   -mcpu=cortex-m4 -T"C:\Users\1234\STM32CubeIDE\CapsoneProject\TrafficLIght_Test\STM32L476VGTX_FLASH.ld" --specs=nosys.specs -Wl,-Map="TrafficLIght_Test.map" -Wl,--gc-sections -static --specs=nano.specs -mfpu=fpv4-sp-d16 -mfloat-abi=hard -mthumb -Wl,--start-group -lc -lm -Wl,--end-group
Finished building target: TrafficLIght_Test.elf
 
arm-none-eabi-size   TrafficLIght_Test.elf 
arm-none-eabi-objdump -h -S  TrafficLIght_Test.elf  > "TrafficLIght_Test.list"
   text	   data	    bss	    dec	    hex	filename
  41008	    152	   3992	  45152	   b060	TrafficLIght_Test.elf
Finished building: default.size.stdout
 
Finished building: TrafficLIght_Test.list
 

15:43:31 Build Finished. 0 errors, 0 warnings. (took 7s.642ms)

