../Core/Src/main.c:76:6:RightGreenOn	24	static
../Core/Src/main.c:136:6:LeftGreenOn	24	static
../Core/Src/main.c:193:6:TopGreenOn	24	static
../Core/Src/main.c:251:6:BottomGreenOn	24	static
../Core/Src/main.c:307:6:playLights	24	static
../Core/Src/main.c:372:5:main	8	static
../Core/Src/main.c:440:6:SystemClock_Config	96	static
../Core/Src/main.c:491:6:PeriphCommonClock_Config	144	static
../Core/Src/main.c:518:13:MX_I2C1_Init	8	static
../Core/Src/main.c:566:13:MX_LCD_Init	8	static
../Core/Src/main.c:604:13:MX_SAI1_Init	8	static
../Core/Src/main.c:679:13:MX_SPI2_Init	8	static
../Core/Src/main.c:719:13:MX_USART2_UART_Init	8	static
../Core/Src/main.c:754:13:MX_GPIO_Init	56	static
../Core/Src/main.c:910:6:Error_Handler	4	static,ignoring_inline_asm
