Archive member included to satisfy reference by file (symbol)

c:/st/stm32cubeide_1.12.0/stm32cubeide/plugins/com.st.stm32cube.ide.mcu.externaltools.gnu-tools-for-stm32.10.3-2021.10.win32_1.0.200.202301161003/tools/bin/../lib/gcc/arm-none-eabi/10.3.1/../../../../arm-none-eabi/lib/thumb/v7e-m+fp/hard\libc_nano.a(lib_a-errno.o)
                              ./Core/Src/syscalls.o (__errno)
c:/st/stm32cubeide_1.12.0/stm32cubeide/plugins/com.st.stm32cube.ide.mcu.externaltools.gnu-tools-for-stm32.10.3-2021.10.win32_1.0.200.202301161003/tools/bin/../lib/gcc/arm-none-eabi/10.3.1/../../../../arm-none-eabi/lib/thumb/v7e-m+fp/hard\libc_nano.a(lib_a-exit.o)
                              c:/st/stm32cubeide_1.12.0/stm32cubeide/plugins/com.st.stm32cube.ide.mcu.externaltools.gnu-tools-for-stm32.10.3-2021.10.win32_1.0.200.202301161003/tools/bin/../lib/gcc/arm-none-eabi/10.3.1/../../../../arm-none-eabi/lib/thumb/v7e-m+fp/hard/crt0.o (exit)
c:/st/stm32cubeide_1.12.0/stm32cubeide/plugins/com.st.stm32cube.ide.mcu.externaltools.gnu-tools-for-stm32.10.3-2021.10.win32_1.0.200.202301161003/tools/bin/../lib/gcc/arm-none-eabi/10.3.1/../../../../arm-none-eabi/lib/thumb/v7e-m+fp/hard\libc_nano.a(lib_a-impure.o)
                              c:/st/stm32cubeide_1.12.0/stm32cubeide/plugins/com.st.stm32cube.ide.mcu.externaltools.gnu-tools-for-stm32.10.3-2021.10.win32_1.0.200.202301161003/tools/bin/../lib/gcc/arm-none-eabi/10.3.1/../../../../arm-none-eabi/lib/thumb/v7e-m+fp/hard\libc_nano.a(lib_a-exit.o) (_global_impure_ptr)
c:/st/stm32cubeide_1.12.0/stm32cubeide/plugins/com.st.stm32cube.ide.mcu.externaltools.gnu-tools-for-stm32.10.3-2021.10.win32_1.0.200.202301161003/tools/bin/../lib/gcc/arm-none-eabi/10.3.1/../../../../arm-none-eabi/lib/thumb/v7e-m+fp/hard\libc_nano.a(lib_a-init.o)
                              c:/st/stm32cubeide_1.12.0/stm32cubeide/plugins/com.st.stm32cube.ide.mcu.externaltools.gnu-tools-for-stm32.10.3-2021.10.win32_1.0.200.202301161003/tools/bin/../lib/gcc/arm-none-eabi/10.3.1/../../../../arm-none-eabi/lib/thumb/v7e-m+fp/hard/crt0.o (__libc_init_array)
c:/st/stm32cubeide_1.12.0/stm32cubeide/plugins/com.st.stm32cube.ide.mcu.externaltools.gnu-tools-for-stm32.10.3-2021.10.win32_1.0.200.202301161003/tools/bin/../lib/gcc/arm-none-eabi/10.3.1/../../../../arm-none-eabi/lib/thumb/v7e-m+fp/hard\libc_nano.a(lib_a-malloc.o)
                              ./Middlewares/ST/STM32_USB_Host_Library/Class/CDC/Src/usbh_cdc.o (malloc)
c:/st/stm32cubeide_1.12.0/stm32cubeide/plugins/com.st.stm32cube.ide.mcu.externaltools.gnu-tools-for-stm32.10.3-2021.10.win32_1.0.200.202301161003/tools/bin/../lib/gcc/arm-none-eabi/10.3.1/../../../../arm-none-eabi/lib/thumb/v7e-m+fp/hard\libc_nano.a(lib_a-memset.o)
                              c:/st/stm32cubeide_1.12.0/stm32cubeide/plugins/com.st.stm32cube.ide.mcu.externaltools.gnu-tools-for-stm32.10.3-2021.10.win32_1.0.200.202301161003/tools/bin/../lib/gcc/arm-none-eabi/10.3.1/../../../../arm-none-eabi/lib/thumb/v7e-m+fp/hard/crt0.o (memset)
c:/st/stm32cubeide_1.12.0/stm32cubeide/plugins/com.st.stm32cube.ide.mcu.externaltools.gnu-tools-for-stm32.10.3-2021.10.win32_1.0.200.202301161003/tools/bin/../lib/gcc/arm-none-eabi/10.3.1/../../../../arm-none-eabi/lib/thumb/v7e-m+fp/hard\libc_nano.a(lib_a-nano-freer.o)
                              c:/st/stm32cubeide_1.12.0/stm32cubeide/plugins/com.st.stm32cube.ide.mcu.externaltools.gnu-tools-for-stm32.10.3-2021.10.win32_1.0.200.202301161003/tools/bin/../lib/gcc/arm-none-eabi/10.3.1/../../../../arm-none-eabi/lib/thumb/v7e-m+fp/hard\libc_nano.a(lib_a-malloc.o) (_free_r)
c:/st/stm32cubeide_1.12.0/stm32cubeide/plugins/com.st.stm32cube.ide.mcu.externaltools.gnu-tools-for-stm32.10.3-2021.10.win32_1.0.200.202301161003/tools/bin/../lib/gcc/arm-none-eabi/10.3.1/../../../../arm-none-eabi/lib/thumb/v7e-m+fp/hard\libc_nano.a(lib_a-nano-mallocr.o)
                              c:/st/stm32cubeide_1.12.0/stm32cubeide/plugins/com.st.stm32cube.ide.mcu.externaltools.gnu-tools-for-stm32.10.3-2021.10.win32_1.0.200.202301161003/tools/bin/../lib/gcc/arm-none-eabi/10.3.1/../../../../arm-none-eabi/lib/thumb/v7e-m+fp/hard\libc_nano.a(lib_a-malloc.o) (_malloc_r)
c:/st/stm32cubeide_1.12.0/stm32cubeide/plugins/com.st.stm32cube.ide.mcu.externaltools.gnu-tools-for-stm32.10.3-2021.10.win32_1.0.200.202301161003/tools/bin/../lib/gcc/arm-none-eabi/10.3.1/../../../../arm-none-eabi/lib/thumb/v7e-m+fp/hard\libc_nano.a(lib_a-sbrkr.o)
                              c:/st/stm32cubeide_1.12.0/stm32cubeide/plugins/com.st.stm32cube.ide.mcu.externaltools.gnu-tools-for-stm32.10.3-2021.10.win32_1.0.200.202301161003/tools/bin/../lib/gcc/arm-none-eabi/10.3.1/../../../../arm-none-eabi/lib/thumb/v7e-m+fp/hard\libc_nano.a(lib_a-nano-mallocr.o) (_sbrk_r)
[...]
Memory Configuration

Name             Origin             Length             Attributes
RAM              0x0000000020000000 0x0000000000018000 xrw
RAM2             0x0000000010000000 0x0000000000008000 xrw
FLASH            0x0000000008000000 0x0000000000100000 xr
*default*        0x0000000000000000 0xffffffffffffffff

Linker script and memory map

LOAD c:/st/stm32cubeide_1.12.0/stm32cubeide/plugins/com.st.stm32cube.ide.mcu.externaltools.gnu-tools-for-stm32.10.3-2021.10.win32_1.0.200.202301161003/tools/bin/../lib/gcc/arm-none-eabi/10.3.1/thumb/v7e-m+fp/hard/crti.o
LOAD c:/st/stm32cubeide_1.12.0/stm32cubeide/plugins/com.st.stm32cube.ide.mcu.externaltools.gnu-tools-for-stm32.10.3-2021.10.win32_1.0.200.202301161003/tools/bin/../lib/gcc/arm-none-eabi/10.3.1/thumb/v7e-m+fp/hard/crtbegin.o
LOAD c:/st/stm32cubeide_1.12.0/stm32cubeide/plugins/com.st.stm32cube.ide.mcu.externaltools.gnu-tools-for-stm32.10.3-2021.10.win32_1.0.200.202301161003/tools/bin/../lib/gcc/arm-none-eabi/10.3.1/../../../../arm-none-eabi/lib/thumb/v7e-m+fp/hard/crt0.o
LOAD ./Core/Src/main.o
LOAD ./Core/Src/stm32l4xx_hal_msp.o
LOAD ./Core/Src/stm32l4xx_it.o
LOAD ./Core/Src/syscalls.o
LOAD ./Core/Src/sysmem.o
LOAD ./Core/Src/system_stm32l4xx.o
LOAD ./Core/Startup/startup_stm32l476vgtx.o
LOAD ./Drivers/STM32L4xx_HAL_Driver/Src/stm32l4xx_hal.o
LOAD ./Drivers/STM32L4xx_HAL_Driver/Src/stm32l4xx_hal_cortex.o
LOAD ./Drivers/STM32L4xx_HAL_Driver/Src/stm32l4xx_hal_dma.o
LOAD ./Drivers/STM32L4xx_HAL_Driver/Src/stm32l4xx_hal_dma_ex.o
LOAD ./Drivers/STM32L4xx_HAL_Driver/Src/stm32l4xx_hal_exti.o
LOAD ./Drivers/STM32L4xx_HAL_Driver/Src/stm32l4xx_hal_flash.o
LOAD ./Drivers/STM32L4xx_HAL_Driver/Src/stm32l4xx_hal_flash_ex.o
LOAD ./Drivers/STM32L4xx_HAL_Driver/Src/stm32l4xx_hal_flash_ramfunc.o
LOAD ./Drivers/STM32L4xx_HAL_Driver/Src/stm32l4xx_hal_gpio.o
LOAD ./Drivers/STM32L4xx_HAL_Driver/Src/stm32l4xx_hal_hcd.o
LOAD ./Drivers/STM32L4xx_HAL_Driver/Src/stm32l4xx_hal_i2c.o
LOAD ./Drivers/STM32L4xx_HAL_Driver/Src/stm32l4xx_hal_i2c_ex.o
LOAD ./Drivers/STM32L4xx_HAL_Driver/Src/stm32l4xx_hal_lcd.o
LOAD ./Drivers/STM32L4xx_HAL_Driver/Src/stm32l4xx_hal_pwr.o
LOAD ./Drivers/STM32L4xx_HAL_Driver/Src/stm32l4xx_hal_pwr_ex.o
LOAD ./Drivers/STM32L4xx_HAL_Driver/Src/stm32l4xx_hal_rcc.o
LOAD ./Drivers/STM32L4xx_HAL_Driver/Src/stm32l4xx_hal_rcc_ex.o
LOAD ./Drivers/STM32L4xx_HAL_Driver/Src/stm32l4xx_hal_sai.o
LOAD ./Drivers/STM32L4xx_HAL_Driver/Src/stm32l4xx_hal_sai_ex.o
LOAD ./Drivers/STM32L4xx_HAL_Driver/Src/stm32l4xx_hal_spi.o
LOAD ./Drivers/STM32L4xx_HAL_Driver/Src/stm32l4xx_hal_spi_ex.o
LOAD ./Drivers/STM32L4xx_HAL_Driver/Src/stm32l4xx_hal_tim.o
LOAD ./Drivers/STM32L4xx_HAL_Driver/Src/stm32l4xx_hal_tim_ex.o
LOAD ./Drivers/STM32L4xx_HAL_Driver/Src/stm32l4xx_hal_uart.o
LOAD ./Drivers/STM32L4xx_HAL_Driver/Src/stm32l4xx_hal_uart_ex.o
LOAD ./Drivers/STM32L4xx_HAL_Driver/Src/stm32l4xx_ll_usb.o
LOAD ./Middlewares/ST/STM32_USB_Host_Library/Class/CDC/Src/usbh_cdc.o
LOAD ./Middlewares/ST/STM32_USB_Host_Library/Core/Src/usbh_core.o
LOAD ./Middlewares/ST/STM32_USB_Host_Library/Core/Src/usbh_ctlreq.o
LOAD ./Middlewares/ST/STM32_USB_Host_Library/Core/Src/usbh_ioreq.o
LOAD ./Middlewares/ST/STM32_USB_Host_Library/Core/Src/usbh_pipes.o
LOAD ./USB_HOST/App/usb_host.o
LOAD ./USB_HOST/Target/usbh_conf.o
LOAD ./USB_HOST/Target/usbh_platform.o
START GROUP
LOAD c:/st/stm32cubeide_1.12.0/stm32cubeide/plugins/com.st.stm32cube.ide.mcu.externaltools.gnu-tools-for-stm32.10.3-2021.10.win32_1.0.200.202301161003/tools/bin/../lib/gcc/arm-none-eabi/10.3.1/../../../../arm-none-eabi/lib/thumb/v7e-m+fp/hard\libc_nano.a
LOAD c:/st/stm32cubeide_1.12.0/stm32cubeide/plugins/com.st.stm32cube.ide.mcu.externaltools.gnu-tools-for-stm32.10.3-2021.10.win32_1.0.200.202301161003/tools/bin/../lib/gcc/arm-none-eabi/10.3.1/../../../../arm-none-eabi/lib/thumb/v7e-m+fp/hard\libm.a
END GROUP
START GROUP
LOAD c:/st/stm32cubeide_1.12.0/stm32cubeide/plugins/com.st.stm32cube.ide.mcu.externaltools.gnu-tools-for-stm32.10.3-2021.10.win32_1.0.200.202301161003/tools/bin/../lib/gcc/arm-none-eabi/10.3.1/thumb/v7e-m+fp/hard\libgcc.a
LOAD c:/st/stm32cubeide_1.12.0/stm32cubeide/plugins/com.st.stm32cube.ide.mcu.externaltools.gnu-tools-for-stm32.10.3-2021.10.win32_1.0.200.202301161003/tools/bin/../lib/gcc/arm-none-eabi/10.3.1/../../../../arm-none-eabi/lib/thumb/v7e-m+fp/hard\libc_nano.a
END GROUP
START GROUP
LOAD c:/st/stm32cubeide_1.12.0/stm32cubeide/plugins/com.st.stm32cube.ide.mcu.externaltools.gnu-tools-for-stm32.10.3-2021.10.win32_1.0.200.202301161003/tools/bin/../lib/gcc/arm-none-eabi/10.3.1/thumb/v7e-m+fp/hard\libgcc.a
LOAD c:/st/stm32cubeide_1.12.0/stm32cubeide/plugins/com.st.stm32cube.ide.mcu.externaltools.gnu-tools-for-stm32.10.3-2021.10.win32_1.0.200.202301161003/tools/bin/../lib/gcc/arm-none-eabi/10.3.1/../../../../arm-none-eabi/lib/thumb/v7e-m+fp/hard\libc_nano.a
LOAD c:/st/stm32cubeide_1.12.0/stm32cubeide/plugins/com.st.stm32cube.ide.mcu.externaltools.gnu-tools-for-stm32.10.3-2021.10.win32_1.0.200.202301161003/tools/bin/../lib/gcc/arm-none-eabi/10.3.1/../../../../arm-none-eabi/lib/thumb/v7e-m+fp/hard\libnosys.a
END GROUP
START GROUP
LOAD c:/st/stm32cubeide_1.12.0/stm32cubeide/plugins/com.st.stm32cube.ide.mcu.externaltools.gnu-tools-for-stm32.10.3-2021.10.win32_1.0.200.202301161003/tools/bin/../lib/gcc/arm-none-eabi/10.3.1/thumb/v7e-m+fp/hard\libgcc.a
LOAD c:/st/stm32cubeide_1.12.0/stm32cubeide/plugins/com.st.stm32cube.ide.mcu.externaltools.gnu-tools-for-stm32.10.3-2021.10.win32_1.0.200.202301161003/tools/bin/../lib/gcc/arm-none-eabi/10.3.1/../../../../arm-none-eabi/lib/thumb/v7e-m+fp/hard\libc_nano.a
LOAD c:/st/stm32cubeide_1.12.0/stm32cubeide/plugins/com.st.stm32cube.ide.mcu.externaltools.gnu-tools-for-stm32.10.3-2021.10.win32_1.0.200.202301161003/tools/bin/../lib/gcc/arm-none-eabi/10.3.1/../../../../arm-none-eabi/lib/thumb/v7e-m+fp/hard\libnosys.a
END GROUP
LOAD c:/st/stm32cubeide_1.12.0/stm32cubeide/plugins/com.st.stm32cube.ide.mcu.externaltools.gnu-tools-for-stm32.10.3-2021.10.win32_1.0.200.202301161003/tools/bin/../lib/gcc/arm-none-eabi/10.3.1/thumb/v7e-m+fp/hard/crtend.o
LOAD c:/st/stm32cubeide_1.12.0/stm32cubeide/plugins/com.st.stm32cube.ide.mcu.externaltools.gnu-tools-for-stm32.10.3-2021.10.win32_1.0.200.202301161003/tools/bin/../lib/gcc/arm-none-eabi/10.3.1/thumb/v7e-m+fp/hard/crtn.o
                0x0000000020018000                _estack = (ORIGIN (RAM) + LENGTH (RAM))
                0x0000000000000200                _Min_Heap_Size = 0x200
                0x0000000000000400                _Min_Stack_Size = 0x400

.isr_vector     0x0000000008000000      0x188
                0x0000000008000000                . = ALIGN (0x4)
 *(.isr_vector)
 .isr_vector    0x0000000008000000      0x188 ./Core/Startup/startup_stm32l476vgtx.o
                0x0000000008000000                g_pfnVectors
                0x0000000008000188                . = ALIGN (0x4)

.text           0x0000000008000188     0x9e54
                0x0000000008000188                . = ALIGN (0x4)
 *(.text)
 .text          0x0000000008000188       0x40 c:/st/stm32cubeide_1.12.0/stm32cubeide/plugins/com.st.stm32cube.ide.mcu.externaltools.gnu-tools-for-stm32.10.3-2021.10.win32_1.0.200.202301161003/tools/bin/../lib/gcc/arm-none-eabi/10.3.1/thumb/v7e-m+fp/hard/crtbegin.o
 .text          0x00000000080001c8       0x30 c:/st/stm32cubeide_1.12.0/stm32cubeide/plugins/com.st.stm32cube.ide.mcu.externaltools.gnu-tools-for-stm32.10.3-2021.10.win32_1.0.200.202301161003/tools/bin/../lib/gcc/arm-none-eabi/10.3.1/thumb/v7e-m+fp/hard\libgcc.a(_aeabi_uldivmod.o)
                0x00000000080001c8                __aeabi_uldivmod
 .text          0x00000000080001f8      0x2d0 c:/st/stm32cubeide_1.12.0/stm32cubeide/plugins/com.st.stm32cube.ide.mcu.externaltools.gnu-tools-for-stm32.10.3-2021.10.win32_1.0.200.202301161003/tools/bin/../lib/gcc/arm-none-eabi/10.3.1/thumb/v7e-m+fp/hard\libgcc.a(_udivmoddi4.o)
                0x00000000080001f8                __udivmoddi4
 .text          0x00000000080004c8        0x4 c:/st/stm32cubeide_1.12.0/stm32cubeide/plugins/com.st.stm32cube.ide.mcu.externaltools.gnu-tools-for-stm32.10.3-2021.10.win32_1.0.200.202301161003/tools/bin/../lib/gcc/arm-none-eabi/10.3.1/thumb/v7e-m+fp/hard\libgcc.a(_dvmd_tls.o)
                0x00000000080004c8                __aeabi_idiv0
                0x00000000080004c8                __aeabi_ldiv0
 *(.text*)
 .text.RightGreenOn
                0x00000000080004cc      0x178 ./Core/Src/main.o
                0x00000000080004cc                RightGreenOn
 .text.LeftGreenOn
                0x0000000008000644      0x184 ./Core/Src/main.o
                0x0000000008000644                LeftGreenOn
 .text.TopGreenOn
                0x00000000080007c8      0x178 ./Core/Src/main.o
                0x00000000080007c8                TopGreenOn
 .text.BottomGreenOn
                0x0000000008000940      0x184 ./Core/Src/main.o
                0x0000000008000940                BottomGreenOn
 .text.main     0x0000000008000ac4       0x72 ./Core/Src/main.o
                0x0000000008000ac4                main
 .text.SystemClock_Config
                0x0000000008000b36       0xa8 ./Core/Src/main.o
                0x0000000008000b36                SystemClock_Config
 .text.PeriphCommonClock_Config
                0x0000000008000bde       0x5a ./Core/Src/main.o
                0x0000000008000bde                PeriphCommonClock_Config
 .text.MX_I2C1_Init
                0x0000000008000c38       0x80 ./Core/Src/main.o
 .text.MX_LCD_Init
                0x0000000008000cb8       0x70 ./Core/Src/main.o
 .text.MX_SAI1_Init
                0x0000000008000d28      0x150 ./Core/Src/main.o
 .text.MX_SPI2_Init
                0x0000000008000e78       0x7c ./Core/Src/main.o
 .text.MX_USART2_UART_Init
                0x0000000008000ef4       0x60 ./Core/Src/main.o
 .text.MX_GPIO_Init
                0x0000000008000f54      0x2d0 ./Core/Src/main.o
 .text.Error_Handler
                0x0000000008001224        0xa ./Core/Src/main.o
                0x0000000008001224                Error_Handler
 *fill*         0x000000000800122e        0x2 
 .text.HAL_MspInit
                0x0000000008001230       0x48 ./Core/Src/stm32l4xx_hal_msp.o
                0x0000000008001230                HAL_MspInit
 .text.HAL_I2C_MspInit
                0x0000000008001278       0xbc ./Core/Src/stm32l4xx_hal_msp.o
                0x0000000008001278                HAL_I2C_MspInit
 .text.HAL_LCD_MspInit
                0x0000000008001334      0x19c ./Core/Src/stm32l4xx_hal_msp.o
                0x0000000008001334                HAL_LCD_MspInit
 .text.HAL_SPI_MspInit
                0x00000000080014d0       0x88 ./Core/Src/stm32l4xx_hal_msp.o
                0x00000000080014d0                HAL_SPI_MspInit
 .text.HAL_UART_MspInit
                0x0000000008001558       0xbc ./Core/Src/stm32l4xx_hal_msp.o
                0x0000000008001558                HAL_UART_MspInit
 .text.HAL_SAI_MspInit
                0x0000000008001614       0xf0 ./Core/Src/stm32l4xx_hal_msp.o
                0x0000000008001614                HAL_SAI_MspInit
 .text.NMI_Handler
                0x0000000008001704        0x6 ./Core/Src/stm32l4xx_it.o
                0x0000000008001704                NMI_Handler
 .text.HardFault_Handler
                0x000000000800170a        0x6 ./Core/Src/stm32l4xx_it.o
                0x000000000800170a                HardFault_Handler
 .text.MemManage_Handler
                0x0000000008001710        0x6 ./Core/Src/stm32l4xx_it.o
                0x0000000008001710                MemManage_Handler
 .text.BusFault_Handler
                0x0000000008001716        0x6 ./Core/Src/stm32l4xx_it.o
                0x0000000008001716                BusFault_Handler
 .text.UsageFault_Handler
                0x000000000800171c        0x6 ./Core/Src/stm32l4xx_it.o
                0x000000000800171c                UsageFault_Handler
 .text.SVC_Handler
                0x0000000008001722        0xe ./Core/Src/stm32l4xx_it.o
                0x0000000008001722                SVC_Handler
 .text.DebugMon_Handler
                0x0000000008001730        0xe ./Core/Src/stm32l4xx_it.o
                0x0000000008001730                DebugMon_Handler
 .text.PendSV_Handler
                0x000000000800173e        0xe ./Core/Src/stm32l4xx_it.o
                0x000000000800173e                PendSV_Handler
 .text.SysTick_Handler
                0x000000000800174c        0xc ./Core/Src/stm32l4xx_it.o
                0x000000000800174c                SysTick_Handler
 .text.OTG_FS_IRQHandler
                0x0000000008001758       0x14 ./Core/Src/stm32l4xx_it.o
                0x0000000008001758                OTG_FS_IRQHandler
 .text._sbrk    0x000000000800176c       0x6c ./Core/Src/sysmem.o
                0x000000000800176c                _sbrk
 .text.SystemInit
                0x00000000080017d8       0x24 ./Core/Src/system_stm32l4xx.o
                0x00000000080017d8                SystemInit
 .text.Reset_Handler
                0x00000000080017fc       0x50 ./Core/Startup/startup_stm32l476vgtx.o
                0x00000000080017fc                Reset_Handler
 .text.Default_Handler
                0x000000000800184c        0x2 ./Core/Startup/startup_stm32l476vgtx.o
                0x000000000800184c                RTC_Alarm_IRQHandler
                0x000000000800184c                EXTI2_IRQHandler
                0x000000000800184c                TIM8_TRG_COM_IRQHandler
                0x000000000800184c                TIM8_CC_IRQHandler
                0x000000000800184c                TIM1_CC_IRQHandler
                0x000000000800184c                TSC_IRQHandler
                0x000000000800184c                TAMP_STAMP_IRQHandler
                0x000000000800184c                EXTI3_IRQHandler
                0x000000000800184c                LPTIM2_IRQHandler
                0x000000000800184c                DFSDM1_FLT1_IRQHandler
                0x000000000800184c                I2C3_ER_IRQHandler
                0x000000000800184c                DFSDM1_FLT2_IRQHandler
                0x000000000800184c                EXTI0_IRQHandler
                0x000000000800184c                I2C2_EV_IRQHandler
                0x000000000800184c                CAN1_RX0_IRQHandler
                0x000000000800184c                FPU_IRQHandler
                0x000000000800184c                TIM1_UP_TIM16_IRQHandler
                0x000000000800184c                ADC1_2_IRQHandler
                0x000000000800184c                SPI1_IRQHandler
                0x000000000800184c                TIM6_DAC_IRQHandler
                0x000000000800184c                TIM8_UP_IRQHandler
                0x000000000800184c                DMA2_Channel2_IRQHandler
                0x000000000800184c                DMA1_Channel4_IRQHandler
                0x000000000800184c                SAI2_IRQHandler
                0x000000000800184c                DFSDM1_FLT3_IRQHandler
                0x000000000800184c                USART3_IRQHandler
                0x000000000800184c                DMA1_Channel7_IRQHandler
                0x000000000800184c                CAN1_RX1_IRQHandler
                0x000000000800184c                LCD_IRQHandler
                0x000000000800184c                UART5_IRQHandler
                0x000000000800184c                ADC3_IRQHandler
                0x000000000800184c                TIM4_IRQHandler
                0x000000000800184c                DMA2_Channel1_IRQHandler
                0x000000000800184c                QUADSPI_IRQHandler
                0x000000000800184c                I2C1_EV_IRQHandler
                0x000000000800184c                DMA1_Channel6_IRQHandler
                0x000000000800184c                UART4_IRQHandler
                0x000000000800184c                DMA2_Channel4_IRQHandler
                0x000000000800184c                TIM3_IRQHandler
                0x000000000800184c                RCC_IRQHandler
                0x000000000800184c                DMA1_Channel1_IRQHandler
                0x000000000800184c                Default_Handler
                0x000000000800184c                DMA2_Channel7_IRQHandler
                0x000000000800184c                EXTI15_10_IRQHandler
                0x000000000800184c                TIM7_IRQHandler
                0x000000000800184c                SDMMC1_IRQHandler
                0x000000000800184c                TIM5_IRQHandler
                0x000000000800184c                I2C3_EV_IRQHandler
                0x000000000800184c                EXTI9_5_IRQHandler
                0x000000000800184c                RTC_WKUP_IRQHandler
                0x000000000800184c                PVD_PVM_IRQHandler
                0x000000000800184c                SPI2_IRQHandler
                0x000000000800184c                CAN1_TX_IRQHandler
                0x000000000800184c                DMA2_Channel5_IRQHandler
                0x000000000800184c                DMA1_Channel5_IRQHandler
                0x000000000800184c                EXTI4_IRQHandler
                0x000000000800184c                RNG_IRQHandler
                0x000000000800184c                TIM1_TRG_COM_TIM17_IRQHandler
                0x000000000800184c                DMA1_Channel3_IRQHandler
                0x000000000800184c                COMP_IRQHandler
                0x000000000800184c                WWDG_IRQHandler
                0x000000000800184c                LPUART1_IRQHandler
                0x000000000800184c                DMA2_Channel6_IRQHandler
                0x000000000800184c                TIM2_IRQHandler
                0x000000000800184c                EXTI1_IRQHandler
                0x000000000800184c                USART2_IRQHandler
                0x000000000800184c                DFSDM1_FLT0_IRQHandler
                0x000000000800184c                I2C2_ER_IRQHandler
                0x000000000800184c                DMA1_Channel2_IRQHandler
                0x000000000800184c                TIM8_BRK_IRQHandler
                0x000000000800184c                CAN1_SCE_IRQHandler
                0x000000000800184c                FLASH_IRQHandler
                0x000000000800184c                USART1_IRQHandler
                0x000000000800184c                SPI3_IRQHandler
                0x000000000800184c                I2C1_ER_IRQHandler
                0x000000000800184c                FMC_IRQHandler
                0x000000000800184c                SWPMI1_IRQHandler
                0x000000000800184c                LPTIM1_IRQHandler
                0x000000000800184c                SAI1_IRQHandler
                0x000000000800184c                DMA2_Channel3_IRQHandler
                0x000000000800184c                TIM1_BRK_TIM15_IRQHandler
 *fill*         0x000000000800184e        0x2 
 .text.HAL_Init
                0x0000000008001850       0x40 ./Drivers/STM32L4xx_HAL_Driver/Src/stm32l4xx_hal.o
                0x0000000008001850                HAL_Init
 .text.HAL_InitTick
                0x0000000008001890       0x78 ./Drivers/STM32L4xx_HAL_Driver/Src/stm32l4xx_hal.o
                0x0000000008001890                HAL_InitTick
 .text.HAL_IncTick
                0x0000000008001908       0x28 ./Drivers/STM32L4xx_HAL_Driver/Src/stm32l4xx_hal.o
                0x0000000008001908                HAL_IncTick
 .text.HAL_GetTick
                0x0000000008001930       0x18 ./Drivers/STM32L4xx_HAL_Driver/Src/stm32l4xx_hal.o
                0x0000000008001930                HAL_GetTick
 .text.HAL_Delay
                0x0000000008001948       0x48 ./Drivers/STM32L4xx_HAL_Driver/Src/stm32l4xx_hal.o
                0x0000000008001948                HAL_Delay
 .text.__NVIC_SetPriorityGrouping
                0x0000000008001990       0x48 ./Drivers/STM32L4xx_HAL_Driver/Src/stm32l4xx_hal_cortex.o
 .text.__NVIC_GetPriorityGrouping
                0x00000000080019d8       0x1c ./Drivers/STM32L4xx_HAL_Driver/Src/stm32l4xx_hal_cortex.o
 .text.__NVIC_EnableIRQ
                0x00000000080019f4       0x3c ./Drivers/STM32L4xx_HAL_Driver/Src/stm32l4xx_hal_cortex.o
 .text.__NVIC_SetPriority
                0x0000000008001a30       0x54 ./Drivers/STM32L4xx_HAL_Driver/Src/stm32l4xx_hal_cortex.o
 .text.NVIC_EncodePriority
                0x0000000008001a84       0x66 ./Drivers/STM32L4xx_HAL_Driver/Src/stm32l4xx_hal_cortex.o
 *fill*         0x0000000008001aea        0x2 
 .text.SysTick_Config
                0x0000000008001aec       0x44 ./Drivers/STM32L4xx_HAL_Driver/Src/stm32l4xx_hal_cortex.o
 .text.HAL_NVIC_SetPriorityGrouping
                0x0000000008001b30       0x16 ./Drivers/STM32L4xx_HAL_Driver/Src/stm32l4xx_hal_cortex.o
                0x0000000008001b30                HAL_NVIC_SetPriorityGrouping
 .text.HAL_NVIC_SetPriority
                0x0000000008001b46       0x38 ./Drivers/STM32L4xx_HAL_Driver/Src/stm32l4xx_hal_cortex.o
                0x0000000008001b46                HAL_NVIC_SetPriority
 .text.HAL_NVIC_EnableIRQ
                0x0000000008001b7e       0x1c ./Drivers/STM32L4xx_HAL_Driver/Src/stm32l4xx_hal_cortex.o
                0x0000000008001b7e                HAL_NVIC_EnableIRQ
 .text.HAL_SYSTICK_Config
                0x0000000008001b9a       0x18 ./Drivers/STM32L4xx_HAL_Driver/Src/stm32l4xx_hal_cortex.o
                0x0000000008001b9a                HAL_SYSTICK_Config
 *fill*         0x0000000008001bb2        0x2 
 .text.HAL_GPIO_Init
                0x0000000008001bb4      0x354 ./Drivers/STM32L4xx_HAL_Driver/Src/stm32l4xx_hal_gpio.o
                0x0000000008001bb4                HAL_GPIO_Init
 .text.HAL_GPIO_WritePin
                0x0000000008001f08       0x30 ./Drivers/STM32L4xx_HAL_Driver/Src/stm32l4xx_hal_gpio.o
                0x0000000008001f08                HAL_GPIO_WritePin
 .text.HAL_GPIO_TogglePin
                0x0000000008001f38       0x34 ./Drivers/STM32L4xx_HAL_Driver/Src/stm32l4xx_hal_gpio.o
                0x0000000008001f38                HAL_GPIO_TogglePin
 .text.HAL_HCD_Init
                0x0000000008001f6c       0xc4 ./Drivers/STM32L4xx_HAL_Driver/Src/stm32l4xx_hal_hcd.o
                0x0000000008001f6c                HAL_HCD_Init
 .text.HAL_HCD_HC_Init
                0x0000000008002030      0x11e ./Drivers/STM32L4xx_HAL_Driver/Src/stm32l4xx_hal_hcd.o
                0x0000000008002030                HAL_HCD_HC_Init
 .text.HAL_HCD_HC_Halt
                0x000000000800214e       0x46 ./Drivers/STM32L4xx_HAL_Driver/Src/stm32l4xx_hal_hcd.o
                0x000000000800214e                HAL_HCD_HC_Halt
 .text.HAL_HCD_HC_SubmitRequest
                0x0000000008002194      0x2a4 ./Drivers/STM32L4xx_HAL_Driver/Src/stm32l4xx_hal_hcd.o
                0x0000000008002194                HAL_HCD_HC_SubmitRequest
 .text.HAL_HCD_IRQHandler
                0x0000000008002438      0x216 ./Drivers/STM32L4xx_HAL_Driver/Src/stm32l4xx_hal_hcd.o
                0x0000000008002438                HAL_HCD_IRQHandler
 .text.HAL_HCD_Start
                0x000000000800264e       0x46 ./Drivers/STM32L4xx_HAL_Driver/Src/stm32l4xx_hal_hcd.o
                0x000000000800264e                HAL_HCD_Start
 .text.HAL_HCD_Stop
                0x0000000008002694       0x3a ./Drivers/STM32L4xx_HAL_Driver/Src/stm32l4xx_hal_hcd.o
                0x0000000008002694                HAL_HCD_Stop
 .text.HAL_HCD_ResetPort
                0x00000000080026ce       0x1c ./Drivers/STM32L4xx_HAL_Driver/Src/stm32l4xx_hal_hcd.o
                0x00000000080026ce                HAL_HCD_ResetPort
 .text.HAL_HCD_HC_GetURBState
                0x00000000080026ea       0x28 ./Drivers/STM32L4xx_HAL_Driver/Src/stm32l4xx_hal_hcd.o
                0x00000000080026ea                HAL_HCD_HC_GetURBState
 .text.HAL_HCD_HC_GetXferCount
                0x0000000008002712       0x28 ./Drivers/STM32L4xx_HAL_Driver/Src/stm32l4xx_hal_hcd.o
                0x0000000008002712                HAL_HCD_HC_GetXferCount
 .text.HAL_HCD_GetCurrentFrame
                0x000000000800273a       0x1c ./Drivers/STM32L4xx_HAL_Driver/Src/stm32l4xx_hal_hcd.o
                0x000000000800273a                HAL_HCD_GetCurrentFrame
 .text.HAL_HCD_GetCurrentSpeed
                0x0000000008002756       0x1c ./Drivers/STM32L4xx_HAL_Driver/Src/stm32l4xx_hal_hcd.o
                0x0000000008002756                HAL_HCD_GetCurrentSpeed
 .text.HCD_HC_IN_IRQHandler
                0x0000000008002772      0x666 ./Drivers/STM32L4xx_HAL_Driver/Src/stm32l4xx_hal_hcd.o
 .text.HCD_HC_OUT_IRQHandler
                0x0000000008002dd8      0x604 ./Drivers/STM32L4xx_HAL_Driver/Src/stm32l4xx_hal_hcd.o
 .text.HCD_RXQLVL_IRQHandler
                0x00000000080033dc      0x1a4 ./Drivers/STM32L4xx_HAL_Driver/Src/stm32l4xx_hal_hcd.o
 .text.HCD_Port_IRQHandler
                0x0000000008003580       0xe6 ./Drivers/STM32L4xx_HAL_Driver/Src/stm32l4xx_hal_hcd.o
 .text.HAL_I2C_Init
                0x0000000008003666      0x11e ./Drivers/STM32L4xx_HAL_Driver/Src/stm32l4xx_hal_i2c.o
                0x0000000008003666                HAL_I2C_Init
 .text.HAL_I2CEx_ConfigAnalogFilter
                0x0000000008003784       0x96 ./Drivers/STM32L4xx_HAL_Driver/Src/stm32l4xx_hal_i2c_ex.o
                0x0000000008003784                HAL_I2CEx_ConfigAnalogFilter
 .text.HAL_I2CEx_ConfigDigitalFilter
                0x000000000800381a       0x98 ./Drivers/STM32L4xx_HAL_Driver/Src/stm32l4xx_hal_i2c_ex.o
                0x000000000800381a                HAL_I2CEx_ConfigDigitalFilter
 *fill*         0x00000000080038b2        0x2 
 .text.HAL_LCD_Init
                0x00000000080038b4      0x180 ./Drivers/STM32L4xx_HAL_Driver/Src/stm32l4xx_hal_lcd.o
                0x00000000080038b4                HAL_LCD_Init
 .text.LCD_WaitForSynchro
                0x0000000008003a34       0x42 ./Drivers/STM32L4xx_HAL_Driver/Src/stm32l4xx_hal_lcd.o
                0x0000000008003a34                LCD_WaitForSynchro
 *fill*         0x0000000008003a76        0x2 
 .text.HAL_PWREx_GetVoltageRange
                0x0000000008003a78       0x1c ./Drivers/STM32L4xx_HAL_Driver/Src/stm32l4xx_hal_pwr_ex.o
                0x0000000008003a78                HAL_PWREx_GetVoltageRange
 .text.HAL_PWREx_ControlVoltageScaling
                0x0000000008003a94       0xac ./Drivers/STM32L4xx_HAL_Driver/Src/stm32l4xx_hal_pwr_ex.o
                0x0000000008003a94                HAL_PWREx_ControlVoltageScaling
 .text.HAL_PWREx_EnableVddUSB
                0x0000000008003b40       0x20 ./Drivers/STM32L4xx_HAL_Driver/Src/stm32l4xx_hal_pwr_ex.o
                0x0000000008003b40                HAL_PWREx_EnableVddUSB
 .text.HAL_RCC_OscConfig
                0x0000000008003b60      0x7b8 ./Drivers/STM32L4xx_HAL_Driver/Src/stm32l4xx_hal_rcc.o
                0x0000000008003b60                HAL_RCC_OscConfig
 .text.HAL_RCC_ClockConfig
                0x0000000008004318      0x200 ./Drivers/STM32L4xx_HAL_Driver/Src/stm32l4xx_hal_rcc.o
                0x0000000008004318                HAL_RCC_ClockConfig
 .text.HAL_RCC_GetSysClockFreq
                0x0000000008004518      0x118 ./Drivers/STM32L4xx_HAL_Driver/Src/stm32l4xx_hal_rcc.o
                0x0000000008004518                HAL_RCC_GetSysClockFreq
 .text.HAL_RCC_GetHCLKFreq
                0x0000000008004630       0x18 ./Drivers/STM32L4xx_HAL_Driver/Src/stm32l4xx_hal_rcc.o
                0x0000000008004630                HAL_RCC_GetHCLKFreq
 .text.HAL_RCC_GetPCLK1Freq
                0x0000000008004648       0x2c ./Drivers/STM32L4xx_HAL_Driver/Src/stm32l4xx_hal_rcc.o
                0x0000000008004648                HAL_RCC_GetPCLK1Freq
 .text.HAL_RCC_GetPCLK2Freq
                0x0000000008004674       0x2c ./Drivers/STM32L4xx_HAL_Driver/Src/stm32l4xx_hal_rcc.o
                0x0000000008004674                HAL_RCC_GetPCLK2Freq
 .text.RCC_SetFlashLatencyFromMSIRange
                0x00000000080046a0       0xc0 ./Drivers/STM32L4xx_HAL_Driver/Src/stm32l4xx_hal_rcc.o
 .text.HAL_RCCEx_PeriphCLKConfig
                0x0000000008004760      0x5d4 ./Drivers/STM32L4xx_HAL_Driver/Src/stm32l4xx_hal_rcc_ex.o
                0x0000000008004760                HAL_RCCEx_PeriphCLKConfig
 .text.HAL_RCCEx_GetPeriphCLKFreq
                0x0000000008004d34      0xadc ./Drivers/STM32L4xx_HAL_Driver/Src/stm32l4xx_hal_rcc_ex.o
                0x0000000008004d34                HAL_RCCEx_GetPeriphCLKFreq
 .text.RCCEx_PLLSAI1_Config
                0x0000000008005810      0x1e8 ./Drivers/STM32L4xx_HAL_Driver/Src/stm32l4xx_hal_rcc_ex.o
 .text.RCCEx_PLLSAI2_Config
                0x00000000080059f8      0x1bc ./Drivers/STM32L4xx_HAL_Driver/Src/stm32l4xx_hal_rcc_ex.o
 .text.RCCEx_GetSAIxPeriphCLKFreq
                0x0000000008005bb4      0x1e0 ./Drivers/STM32L4xx_HAL_Driver/Src/stm32l4xx_hal_rcc_ex.o
 .text.HAL_SAI_Init
                0x0000000008005d94      0x2e4 ./Drivers/STM32L4xx_HAL_Driver/Src/stm32l4xx_hal_sai.o
                0x0000000008005d94                HAL_SAI_Init
 .text.SAI_Disable
                0x0000000008006078       0x74 ./Drivers/STM32L4xx_HAL_Driver/Src/stm32l4xx_hal_sai.o
 .text.HAL_SPI_Init
                0x00000000080060ec      0x146 ./Drivers/STM32L4xx_HAL_Driver/Src/stm32l4xx_hal_spi.o
                0x00000000080060ec                HAL_SPI_Init
 .text.HAL_UART_Init
                0x0000000008006232       0x9c ./Drivers/STM32L4xx_HAL_Driver/Src/stm32l4xx_hal_uart.o
                0x0000000008006232                HAL_UART_Init
 *fill*         0x00000000080062ce        0x2 
 .text.UART_SetConfig
                0x00000000080062d0      0x570 ./Drivers/STM32L4xx_HAL_Driver/Src/stm32l4xx_hal_uart.o
                0x00000000080062d0                UART_SetConfig
 .text.UART_AdvFeatureConfig
                0x0000000008006840      0x144 ./Drivers/STM32L4xx_HAL_Driver/Src/stm32l4xx_hal_uart.o
                0x0000000008006840                UART_AdvFeatureConfig
 .text.UART_CheckIdleState
                0x0000000008006984       0x92 ./Drivers/STM32L4xx_HAL_Driver/Src/stm32l4xx_hal_uart.o
                0x0000000008006984                UART_CheckIdleState
 .text.UART_WaitOnFlagUntilTimeout
                0x0000000008006a16      0x188 ./Drivers/STM32L4xx_HAL_Driver/Src/stm32l4xx_hal_uart.o
                0x0000000008006a16                UART_WaitOnFlagUntilTimeout
 .text.USB_CoreInit
                0x0000000008006b9e       0x58 ./Drivers/STM32L4xx_HAL_Driver/Src/stm32l4xx_ll_usb.o
                0x0000000008006b9e                USB_CoreInit
 .text.USB_EnableGlobalInt
                0x0000000008006bf6       0x22 ./Drivers/STM32L4xx_HAL_Driver/Src/stm32l4xx_ll_usb.o
                0x0000000008006bf6                USB_EnableGlobalInt
 .text.USB_DisableGlobalInt
                0x0000000008006c18       0x22 ./Drivers/STM32L4xx_HAL_Driver/Src/stm32l4xx_ll_usb.o
                0x0000000008006c18                USB_DisableGlobalInt
 .text.USB_SetCurrentMode
                0x0000000008006c3a       0x98 ./Drivers/STM32L4xx_HAL_Driver/Src/stm32l4xx_ll_usb.o
                0x0000000008006c3a                USB_SetCurrentMode
 *fill*         0x0000000008006cd2        0x2 
 .text.USB_FlushTxFifo
                0x0000000008006cd4       0x68 ./Drivers/STM32L4xx_HAL_Driver/Src/stm32l4xx_ll_usb.o
                0x0000000008006cd4                USB_FlushTxFifo
 .text.USB_FlushRxFifo
                0x0000000008006d3c       0x60 ./Drivers/STM32L4xx_HAL_Driver/Src/stm32l4xx_ll_usb.o
                0x0000000008006d3c                USB_FlushRxFifo
 .text.USB_WritePacket
                0x0000000008006d9c       0x74 ./Drivers/STM32L4xx_HAL_Driver/Src/stm32l4xx_ll_usb.o
                0x0000000008006d9c                USB_WritePacket
 .text.USB_ReadPacket
                0x0000000008006e10       0xb0 ./Drivers/STM32L4xx_HAL_Driver/Src/stm32l4xx_ll_usb.o
                0x0000000008006e10                USB_ReadPacket
 .text.USB_ReadInterrupts
                0x0000000008006ec0       0x26 ./Drivers/STM32L4xx_HAL_Driver/Src/stm32l4xx_ll_usb.o
                0x0000000008006ec0                USB_ReadInterrupts
 .text.USB_GetMode
                0x0000000008006ee6       0x1c ./Drivers/STM32L4xx_HAL_Driver/Src/stm32l4xx_ll_usb.o
                0x0000000008006ee6                USB_GetMode
 *fill*         0x0000000008006f02        0x2 
 .text.USB_CoreReset
                0x0000000008006f04       0x68 ./Drivers/STM32L4xx_HAL_Driver/Src/stm32l4xx_ll_usb.o
 .text.USB_HostInit
                0x0000000008006f6c      0x104 ./Drivers/STM32L4xx_HAL_Driver/Src/stm32l4xx_ll_usb.o
                0x0000000008006f6c                USB_HostInit
 .text.USB_InitFSLSPClkSel
                0x0000000008007070       0x74 ./Drivers/STM32L4xx_HAL_Driver/Src/stm32l4xx_ll_usb.o
                0x0000000008007070                USB_InitFSLSPClkSel
 .text.USB_ResetPort
                0x00000000080070e4       0x54 ./Drivers/STM32L4xx_HAL_Driver/Src/stm32l4xx_ll_usb.o
                0x00000000080070e4                USB_ResetPort
 .text.USB_DriveVbus
                0x0000000008007138       0x72 ./Drivers/STM32L4xx_HAL_Driver/Src/stm32l4xx_ll_usb.o
                0x0000000008007138                USB_DriveVbus
 .text.USB_GetHostSpeed
                0x00000000080071aa       0x2e ./Drivers/STM32L4xx_HAL_Driver/Src/stm32l4xx_ll_usb.o
                0x00000000080071aa                USB_GetHostSpeed
 .text.USB_GetCurrentFrame
                0x00000000080071d8       0x22 ./Drivers/STM32L4xx_HAL_Driver/Src/stm32l4xx_ll_usb.o
                0x00000000080071d8                USB_GetCurrentFrame
 *fill*         0x00000000080071fa        0x2 
 .text.USB_HC_Init
                0x00000000080071fc      0x218 ./Drivers/STM32L4xx_HAL_Driver/Src/stm32l4xx_ll_usb.o
                0x00000000080071fc                USB_HC_Init
 .text.USB_HC_StartXfer
                0x0000000008007414      0x1f0 ./Drivers/STM32L4xx_HAL_Driver/Src/stm32l4xx_ll_usb.o
                0x0000000008007414                USB_HC_StartXfer
 .text.USB_HC_ReadInterrupt
                0x0000000008007604       0x22 ./Drivers/STM32L4xx_HAL_Driver/Src/stm32l4xx_ll_usb.o
                0x0000000008007604                USB_HC_ReadInterrupt
 .text.USB_HC_Halt
                0x0000000008007626      0x1f8 ./Drivers/STM32L4xx_HAL_Driver/Src/stm32l4xx_ll_usb.o
                0x0000000008007626                USB_HC_Halt
 .text.USB_StopHost
                0x000000000800781e      0x124 ./Drivers/STM32L4xx_HAL_Driver/Src/stm32l4xx_ll_usb.o
                0x000000000800781e                USB_StopHost
 .text.USBH_CDC_InterfaceInit
                0x0000000008007942      0x2ac ./Middlewares/ST/STM32_USB_Host_Library/Class/CDC/Src/usbh_cdc.o
 .text.USBH_CDC_InterfaceDeInit
                0x0000000008007bee       0xb2 ./Middlewares/ST/STM32_USB_Host_Library/Class/CDC/Src/usbh_cdc.o
 .text.USBH_CDC_ClassRequest
                0x0000000008007ca0       0x3e ./Middlewares/ST/STM32_USB_Host_Library/Class/CDC/Src/usbh_cdc.o
 *fill*         0x0000000008007cde        0x2 
 .text.USBH_CDC_Process
                0x0000000008007ce0      0x12c ./Middlewares/ST/STM32_USB_Host_Library/Class/CDC/Src/usbh_cdc.o
 .text.USBH_CDC_SOFProcess
                0x0000000008007e0c       0x16 ./Middlewares/ST/STM32_USB_Host_Library/Class/CDC/Src/usbh_cdc.o
 .text.GetLineCoding
                0x0000000008007e22       0x3e ./Middlewares/ST/STM32_USB_Host_Library/Class/CDC/Src/usbh_cdc.o
 .text.SetLineCoding
                0x0000000008007e60       0x3e ./Middlewares/ST/STM32_USB_Host_Library/Class/CDC/Src/usbh_cdc.o
 .text.CDC_ProcessTransmission
                0x0000000008007e9e       0xec ./Middlewares/ST/STM32_USB_Host_Library/Class/CDC/Src/usbh_cdc.o
 .text.CDC_ProcessReception
                0x0000000008007f8a       0xb6 ./Middlewares/ST/STM32_USB_Host_Library/Class/CDC/Src/usbh_cdc.o
 .text.USBH_CDC_TransmitCallback
                0x0000000008008040       0x14 ./Middlewares/ST/STM32_USB_Host_Library/Class/CDC/Src/usbh_cdc.o
                0x0000000008008040                USBH_CDC_TransmitCallback
 .text.USBH_CDC_ReceiveCallback
                0x0000000008008054       0x14 ./Middlewares/ST/STM32_USB_Host_Library/Class/CDC/Src/usbh_cdc.o
                0x0000000008008054                USBH_CDC_ReceiveCallback
 .text.USBH_CDC_LineCodingChanged
                0x0000000008008068       0x14 ./Middlewares/ST/STM32_USB_Host_Library/Class/CDC/Src/usbh_cdc.o
                0x0000000008008068                USBH_CDC_LineCodingChanged
 .text.USBH_Init
                0x000000000800807c       0x74 ./Middlewares/ST/STM32_USB_Host_Library/Core/Src/usbh_core.o
                0x000000000800807c                USBH_Init
 .text.DeInitStateMachine
                0x00000000080080f0       0xa8 ./Middlewares/ST/STM32_USB_Host_Library/Core/Src/usbh_core.o
 .text.USBH_RegisterClass
                0x0000000008008198       0x54 ./Middlewares/ST/STM32_USB_Host_Library/Core/Src/usbh_core.o
                0x0000000008008198                USBH_RegisterClass
 .text.USBH_SelectInterface
                0x00000000080081ec       0x38 ./Middlewares/ST/STM32_USB_Host_Library/Core/Src/usbh_core.o
                0x00000000080081ec                USBH_SelectInterface
 .text.USBH_FindInterface
                0x0000000008008224       0x8c ./Middlewares/ST/STM32_USB_Host_Library/Core/Src/usbh_core.o
                0x0000000008008224                USBH_FindInterface
 .text.USBH_Start
                0x00000000080082b0       0x20 ./Middlewares/ST/STM32_USB_Host_Library/Core/Src/usbh_core.o
                0x00000000080082b0                USBH_Start
 .text.USBH_Process
                0x00000000080082d0      0x3c0 ./Middlewares/ST/STM32_USB_Host_Library/Core/Src/usbh_core.o
                0x00000000080082d0                USBH_Process
 .text.USBH_HandleEnum
                0x0000000008008690      0x3c8 ./Middlewares/ST/STM32_USB_Host_Library/Core/Src/usbh_core.o
 .text.USBH_LL_SetTimer
                0x0000000008008a58       0x1e ./Middlewares/ST/STM32_USB_Host_Library/Core/Src/usbh_core.o
                0x0000000008008a58                USBH_LL_SetTimer
 .text.USBH_LL_IncTimer
                0x0000000008008a76       0x24 ./Middlewares/ST/STM32_USB_Host_Library/Core/Src/usbh_core.o
                0x0000000008008a76                USBH_LL_IncTimer
 .text.USBH_HandleSof
                0x0000000008008a9a       0x30 ./Middlewares/ST/STM32_USB_Host_Library/Core/Src/usbh_core.o
 .text.USBH_LL_PortEnabled
                0x0000000008008aca       0x1c ./Middlewares/ST/STM32_USB_Host_Library/Core/Src/usbh_core.o
                0x0000000008008aca                USBH_LL_PortEnabled
 .text.USBH_LL_PortDisabled
                0x0000000008008ae6       0x1c ./Middlewares/ST/STM32_USB_Host_Library/Core/Src/usbh_core.o
                0x0000000008008ae6                USBH_LL_PortDisabled
 .text.USBH_LL_Connect
                0x0000000008008b02       0x2e ./Middlewares/ST/STM32_USB_Host_Library/Core/Src/usbh_core.o
                0x0000000008008b02                USBH_LL_Connect
 .text.USBH_LL_Disconnect
                0x0000000008008b30       0x48 ./Middlewares/ST/STM32_USB_Host_Library/Core/Src/usbh_core.o
                0x0000000008008b30                USBH_LL_Disconnect
 .text.USBH_Get_DevDesc
                0x0000000008008b78       0x50 ./Middlewares/ST/STM32_USB_Host_Library/Core/Src/usbh_ctlreq.o
                0x0000000008008b78                USBH_Get_DevDesc
 .text.USBH_Get_CfgDesc
                0x0000000008008bc8       0x48 ./Middlewares/ST/STM32_USB_Host_Library/Core/Src/usbh_ctlreq.o
                0x0000000008008bc8                USBH_Get_CfgDesc
 .text.USBH_Get_StringDesc
                0x0000000008008c10       0x56 ./Middlewares/ST/STM32_USB_Host_Library/Core/Src/usbh_ctlreq.o
                0x0000000008008c10                USBH_Get_StringDesc
 .text.USBH_GetDescriptor
                0x0000000008008c66       0x6a ./Middlewares/ST/STM32_USB_Host_Library/Core/Src/usbh_ctlreq.o
                0x0000000008008c66                USBH_GetDescriptor
 .text.USBH_SetAddress
                0x0000000008008cd0       0x48 ./Middlewares/ST/STM32_USB_Host_Library/Core/Src/usbh_ctlreq.o
                0x0000000008008cd0                USBH_SetAddress
 .text.USBH_SetCfg
                0x0000000008008d18       0x46 ./Middlewares/ST/STM32_USB_Host_Library/Core/Src/usbh_ctlreq.o
                0x0000000008008d18                USBH_SetCfg
 .text.USBH_SetFeature
                0x0000000008008d5e       0x48 ./Middlewares/ST/STM32_USB_Host_Library/Core/Src/usbh_ctlreq.o
                0x0000000008008d5e                USBH_SetFeature
 .text.USBH_ClrFeature
                0x0000000008008da6       0x48 ./Middlewares/ST/STM32_USB_Host_Library/Core/Src/usbh_ctlreq.o
                0x0000000008008da6                USBH_ClrFeature
 .text.USBH_ParseDevDesc
                0x0000000008008dee       0xe0 ./Middlewares/ST/STM32_USB_Host_Library/Core/Src/usbh_ctlreq.o
 .text.USBH_ParseCfgDesc
                0x0000000008008ece      0x144 ./Middlewares/ST/STM32_USB_Host_Library/Core/Src/usbh_ctlreq.o
 .text.USBH_ParseInterfaceDesc
                0x0000000008009012       0x5e ./Middlewares/ST/STM32_USB_Host_Library/Core/Src/usbh_ctlreq.o
 .text.USBH_ParseEPDesc
                0x0000000008009070       0x5a ./Middlewares/ST/STM32_USB_Host_Library/Core/Src/usbh_ctlreq.o
 .text.USBH_ParseStringDesc
                0x00000000080090ca       0x66 ./Middlewares/ST/STM32_USB_Host_Library/Core/Src/usbh_ctlreq.o
 .text.USBH_GetNextDesc
                0x0000000008009130       0x36 ./Middlewares/ST/STM32_USB_Host_Library/Core/Src/usbh_ctlreq.o
                0x0000000008009130                USBH_GetNextDesc
 .text.USBH_CtlReq
                0x0000000008009166       0x7a ./Middlewares/ST/STM32_USB_Host_Library/Core/Src/usbh_ctlreq.o
                0x0000000008009166                USBH_CtlReq
 .text.USBH_HandleControl
                0x00000000080091e0      0x2e8 ./Middlewares/ST/STM32_USB_Host_Library/Core/Src/usbh_ctlreq.o
 .text.USBH_CtlSendSetup
                0x00000000080094c8       0x34 ./Middlewares/ST/STM32_USB_Host_Library/Core/Src/usbh_ioreq.o
                0x00000000080094c8                USBH_CtlSendSetup
 .text.USBH_CtlSendData
                0x00000000080094fc       0x4a ./Middlewares/ST/STM32_USB_Host_Library/Core/Src/usbh_ioreq.o
                0x00000000080094fc                USBH_CtlSendData
 .text.USBH_CtlReceiveData
                0x0000000008009546       0x3c ./Middlewares/ST/STM32_USB_Host_Library/Core/Src/usbh_ioreq.o
                0x0000000008009546                USBH_CtlReceiveData
 .text.USBH_BulkSendData
                0x0000000008009582       0x4a ./Middlewares/ST/STM32_USB_Host_Library/Core/Src/usbh_ioreq.o
                0x0000000008009582                USBH_BulkSendData
 .text.USBH_BulkReceiveData
                0x00000000080095cc       0x3c ./Middlewares/ST/STM32_USB_Host_Library/Core/Src/usbh_ioreq.o
                0x00000000080095cc                USBH_BulkReceiveData
 .text.USBH_OpenPipe
                0x0000000008009608       0x3e ./Middlewares/ST/STM32_USB_Host_Library/Core/Src/usbh_pipes.o
                0x0000000008009608                USBH_OpenPipe
 .text.USBH_ClosePipe
                0x0000000008009646       0x20 ./Middlewares/ST/STM32_USB_Host_Library/Core/Src/usbh_pipes.o
                0x0000000008009646                USBH_ClosePipe
 .text.USBH_AllocPipe
                0x0000000008009666       0x42 ./Middlewares/ST/STM32_USB_Host_Library/Core/Src/usbh_pipes.o
                0x0000000008009666                USBH_AllocPipe
 .text.USBH_FreePipe
                0x00000000080096a8       0x3c ./Middlewares/ST/STM32_USB_Host_Library/Core/Src/usbh_pipes.o
                0x00000000080096a8                USBH_FreePipe
 .text.USBH_GetFreePipe
                0x00000000080096e4       0x48 ./Middlewares/ST/STM32_USB_Host_Library/Core/Src/usbh_pipes.o
 .text.MX_USB_HOST_Init
                0x000000000800972c       0x4c ./USB_HOST/App/usb_host.o
                0x000000000800972c                MX_USB_HOST_Init
 .text.MX_USB_HOST_Process
                0x0000000008009778       0x14 ./USB_HOST/App/usb_host.o
                0x0000000008009778                MX_USB_HOST_Process
 .text.USBH_UserProcess
                0x000000000800978c       0x5c ./USB_HOST/App/usb_host.o
 .text.HAL_HCD_MspInit
                0x00000000080097e8       0xcc ./USB_HOST/Target/usbh_conf.o
                0x00000000080097e8                HAL_HCD_MspInit
 .text.HAL_HCD_SOF_Callback
                0x00000000080098b4       0x1c ./USB_HOST/Target/usbh_conf.o
                0x00000000080098b4                HAL_HCD_SOF_Callback
 .text.HAL_HCD_Connect_Callback
                0x00000000080098d0       0x1c ./USB_HOST/Target/usbh_conf.o
                0x00000000080098d0                HAL_HCD_Connect_Callback
 .text.HAL_HCD_Disconnect_Callback
                0x00000000080098ec       0x1c ./USB_HOST/Target/usbh_conf.o
                0x00000000080098ec                HAL_HCD_Disconnect_Callback
 .text.HAL_HCD_HC_NotifyURBChange_Callback
                0x0000000008009908       0x1c ./USB_HOST/Target/usbh_conf.o
                0x0000000008009908                HAL_HCD_HC_NotifyURBChange_Callback
 .text.HAL_HCD_PortEnabled_Callback
                0x0000000008009924       0x1c ./USB_HOST/Target/usbh_conf.o
                0x0000000008009924                HAL_HCD_PortEnabled_Callback
 .text.HAL_HCD_PortDisabled_Callback
                0x0000000008009940       0x1c ./USB_HOST/Target/usbh_conf.o
                0x0000000008009940                HAL_HCD_PortDisabled_Callback
 .text.USBH_LL_Init
                0x000000000800995c       0x78 ./USB_HOST/Target/usbh_conf.o
                0x000000000800995c                USBH_LL_Init
 .text.USBH_LL_Start
                0x00000000080099d4       0x36 ./USB_HOST/Target/usbh_conf.o
                0x00000000080099d4                USBH_LL_Start
 .text.USBH_LL_Stop
                0x0000000008009a0a       0x36 ./USB_HOST/Target/usbh_conf.o
                0x0000000008009a0a                USBH_LL_Stop
 .text.USBH_LL_GetSpeed
                0x0000000008009a40       0x4e ./USB_HOST/Target/usbh_conf.o
                0x0000000008009a40                USBH_LL_GetSpeed
 .text.USBH_LL_ResetPort
                0x0000000008009a8e       0x36 ./USB_HOST/Target/usbh_conf.o
                0x0000000008009a8e                USBH_LL_ResetPort
 .text.USBH_LL_GetLastXferSize
                0x0000000008009ac4       0x26 ./USB_HOST/Target/usbh_conf.o
                0x0000000008009ac4                USBH_LL_GetLastXferSize
 .text.USBH_LL_OpenPipe
                0x0000000008009aea       0x5e ./USB_HOST/Target/usbh_conf.o
                0x0000000008009aea                USBH_LL_OpenPipe
 .text.USBH_LL_ClosePipe
                0x0000000008009b48       0x3e ./USB_HOST/Target/usbh_conf.o
                0x0000000008009b48                USBH_LL_ClosePipe
 .text.USBH_LL_SubmitURB
                0x0000000008009b86       0x62 ./USB_HOST/Target/usbh_conf.o
                0x0000000008009b86                USBH_LL_SubmitURB
 .text.USBH_LL_GetURBState
                0x0000000008009be8       0x26 ./USB_HOST/Target/usbh_conf.o
                0x0000000008009be8                USBH_LL_GetURBState
 .text.USBH_LL_DriverVBUS
                0x0000000008009c0e       0x2e ./USB_HOST/Target/usbh_conf.o
                0x0000000008009c0e                USBH_LL_DriverVBUS
 .text.USBH_LL_SetToggle
                0x0000000008009c3c       0x60 ./USB_HOST/Target/usbh_conf.o
                0x0000000008009c3c                USBH_LL_SetToggle
 .text.USBH_Delay
                0x0000000008009c9c       0x16 ./USB_HOST/Target/usbh_conf.o
                0x0000000008009c9c                USBH_Delay
 *fill*         0x0000000008009cb2        0x2 
 .text.USBH_Get_USB_Status
                0x0000000008009cb4       0x58 ./USB_HOST/Target/usbh_conf.o
                0x0000000008009cb4                USBH_Get_USB_Status
 .text.MX_DriverVbusFS
                0x0000000008009d0c       0x38 ./USB_HOST/Target/usbh_platform.o
                0x0000000008009d0c                MX_DriverVbusFS
 .text.__errno  0x0000000008009d44        0xc c:/st/stm32cubeide_1.12.0/stm32cubeide/plugins/com.st.stm32cube.ide.mcu.externaltools.gnu-tools-for-stm32.10.3-2021.10.win32_1.0.200.202301161003/tools/bin/../lib/gcc/arm-none-eabi/10.3.1/../../../../arm-none-eabi/lib/thumb/v7e-m+fp/hard\libc_nano.a(lib_a-errno.o)
                0x0000000008009d44                __errno
 .text.__libc_init_array
                0x0000000008009d50       0x48 c:/st/stm32cubeide_1.12.0/stm32cubeide/plugins/com.st.stm32cube.ide.mcu.externaltools.gnu-tools-for-stm32.10.3-2021.10.win32_1.0.200.202301161003/tools/bin/../lib/gcc/arm-none-eabi/10.3.1/../../../../arm-none-eabi/lib/thumb/v7e-m+fp/hard\libc_nano.a(lib_a-init.o)
                0x0000000008009d50                __libc_init_array
 .text.malloc   0x0000000008009d98       0x10 c:/st/stm32cubeide_1.12.0/stm32cubeide/plugins/com.st.stm32cube.ide.mcu.externaltools.gnu-tools-for-stm32.10.3-2021.10.win32_1.0.200.202301161003/tools/bin/../lib/gcc/arm-none-eabi/10.3.1/../../../../arm-none-eabi/lib/thumb/v7e-m+fp/hard\libc_nano.a(lib_a-malloc.o)
                0x0000000008009d98                malloc
 .text.free     0x0000000008009da8       0x10 c:/st/stm32cubeide_1.12.0/stm32cubeide/plugins/com.st.stm32cube.ide.mcu.externaltools.gnu-tools-for-stm32.10.3-2021.10.win32_1.0.200.202301161003/tools/bin/../lib/gcc/arm-none-eabi/10.3.1/../../../../arm-none-eabi/lib/thumb/v7e-m+fp/hard\libc_nano.a(lib_a-malloc.o)
                0x0000000008009da8                free
 .text.memset   0x0000000008009db8       0x10 c:/st/stm32cubeide_1.12.0/stm32cubeide/plugins/com.st.stm32cube.ide.mcu.externaltools.gnu-tools-for-stm32.10.3-2021.10.win32_1.0.200.202301161003/tools/bin/../lib/gcc/arm-none-eabi/10.3.1/../../../../arm-none-eabi/lib/thumb/v7e-m+fp/hard\libc_nano.a(lib_a-memset.o)
                0x0000000008009db8                memset
 .text._free_r  0x0000000008009dc8       0x98 c:/st/stm32cubeide_1.12.0/stm32cubeide/plugins/com.st.stm32cube.ide.mcu.externaltools.gnu-tools-for-stm32.10.3-2021.10.win32_1.0.200.202301161003/tools/bin/../lib/gcc/arm-none-eabi/10.3.1/../../../../arm-none-eabi/lib/thumb/v7e-m+fp/hard\libc_nano.a(lib_a-nano-freer.o)
                0x0000000008009dc8                _free_r
 .text.sbrk_aligned
                0x0000000008009e60       0x40 c:/st/stm32cubeide_1.12.0/stm32cubeide/plugins/com.st.stm32cube.ide.mcu.externaltools.gnu-tools-for-stm32.10.3-2021.10.win32_1.0.200.202301161003/tools/bin/../lib/gcc/arm-none-eabi/10.3.1/../../../../arm-none-eabi/lib/thumb/v7e-m+fp/hard\libc_nano.a(lib_a-nano-mallocr.o)
 .text._malloc_r
                0x0000000008009ea0       0xe8 c:/st/stm32cubeide_1.12.0/stm32cubeide/plugins/com.st.stm32cube.ide.mcu.externaltools.gnu-tools-for-stm32.10.3-2021.10.win32_1.0.200.202301161003/tools/bin/../lib/gcc/arm-none-eabi/10.3.1/../../../../arm-none-eabi/lib/thumb/v7e-m+fp/hard\libc_nano.a(lib_a-nano-mallocr.o)
                0x0000000008009ea0                _malloc_r
 .text._sbrk_r  0x0000000008009f88       0x20 c:/st/stm32cubeide_1.12.0/stm32cubeide/plugins/com.st.stm32cube.ide.mcu.externaltools.gnu-tools-for-stm32.10.3-2021.10.win32_1.0.200.202301161003/tools/bin/../lib/gcc/arm-none-eabi/10.3.1/../../../../arm-none-eabi/lib/thumb/v7e-m+fp/hard\libc_nano.a(lib_a-sbrkr.o)
                0x0000000008009f88                _sbrk_r
 .text.__malloc_lock
                0x0000000008009fa8        0xc c:/st/stm32cubeide_1.12.0/stm32cubeide/plugins/com.st.stm32cube.ide.mcu.externaltools.gnu-tools-for-stm32.10.3-2021.10.win32_1.0.200.202301161003/tools/bin/../lib/gcc/arm-none-eabi/10.3.1/../../../../arm-none-eabi/lib/thumb/v7e-m+fp/hard\libc_nano.a(lib_a-mlock.o)
                0x0000000008009fa8                __malloc_lock
 .text.__malloc_unlock
                0x0000000008009fb4        0xc c:/st/stm32cubeide_1.12.0/stm32cubeide/plugins/com.st.stm32cube.ide.mcu.externaltools.gnu-tools-for-stm32.10.3-2021.10.win32_1.0.200.202301161003/tools/bin/../lib/gcc/arm-none-eabi/10.3.1/../../../../arm-none-eabi/lib/thumb/v7e-m+fp/hard\libc_nano.a(lib_a-mlock.o)
                0x0000000008009fb4                __malloc_unlock
 .text.__retarget_lock_acquire_recursive
                0x0000000008009fc0        0x2 c:/st/stm32cubeide_1.12.0/stm32cubeide/plugins/com.st.stm32cube.ide.mcu.externaltools.gnu-tools-for-stm32.10.3-2021.10.win32_1.0.200.202301161003/tools/bin/../lib/gcc/arm-none-eabi/10.3.1/../../../../arm-none-eabi/lib/thumb/v7e-m+fp/hard\libc_nano.a(lib_a-lock.o)
                0x0000000008009fc0                __retarget_lock_acquire_recursive
 .text.__retarget_lock_release_recursive
                0x0000000008009fc2        0x2 c:/st/stm32cubeide_1.12.0/stm32cubeide/plugins/com.st.stm32cube.ide.mcu.externaltools.gnu-tools-for-stm32.10.3-2021.10.win32_1.0.200.202301161003/tools/bin/../lib/gcc/arm-none-eabi/10.3.1/../../../../arm-none-eabi/lib/thumb/v7e-m+fp/hard\libc_nano.a(lib_a-lock.o)
                0x0000000008009fc2                __retarget_lock_release_recursive
 *(.glue_7)
 .glue_7        0x0000000008009fc4        0x0 linker stubs
 *(.glue_7t)
 .glue_7t       0x0000000008009fc4        0x0 linker stubs
 *(.eh_frame)
 .eh_frame      0x0000000008009fc4        0x0 c:/st/stm32cubeide_1.12.0/stm32cubeide/plugins/com.st.stm32cube.ide.mcu.externaltools.gnu-tools-for-stm32.10.3-2021.10.win32_1.0.200.202301161003/tools/bin/../lib/gcc/arm-none-eabi/10.3.1/thumb/v7e-m+fp/hard/crtbegin.o
 *(.init)
 .init          0x0000000008009fc4        0x4 c:/st/stm32cubeide_1.12.0/stm32cubeide/plugins/com.st.stm32cube.ide.mcu.externaltools.gnu-tools-for-stm32.10.3-2021.10.win32_1.0.200.202301161003/tools/bin/../lib/gcc/arm-none-eabi/10.3.1/thumb/v7e-m+fp/hard/crti.o
                0x0000000008009fc4                _init
 .init          0x0000000008009fc8        0x8 c:/st/stm32cubeide_1.12.0/stm32cubeide/plugins/com.st.stm32cube.ide.mcu.externaltools.gnu-tools-for-stm32.10.3-2021.10.win32_1.0.200.202301161003/tools/bin/../lib/gcc/arm-none-eabi/10.3.1/thumb/v7e-m+fp/hard/crtn.o
 *(.fini)
 .fini          0x0000000008009fd0        0x4 c:/st/stm32cubeide_1.12.0/stm32cubeide/plugins/com.st.stm32cube.ide.mcu.externaltools.gnu-tools-for-stm32.10.3-2021.10.win32_1.0.200.202301161003/tools/bin/../lib/gcc/arm-none-eabi/10.3.1/thumb/v7e-m+fp/hard/crti.o
                0x0000000008009fd0                _fini
 .fini          0x0000000008009fd4        0x8 c:/st/stm32cubeide_1.12.0/stm32cubeide/plugins/com.st.stm32cube.ide.mcu.externaltools.gnu-tools-for-stm32.10.3-2021.10.win32_1.0.200.202301161003/tools/bin/../lib/gcc/arm-none-eabi/10.3.1/thumb/v7e-m+fp/hard/crtn.o
                0x0000000008009fdc                . = ALIGN (0x4)
                0x0000000008009fdc                _etext = .

.vfp11_veneer   0x0000000008009fdc        0x0
 .vfp11_veneer  0x0000000008009fdc        0x0 linker stubs

.v4_bx          0x0000000008009fdc        0x0
 .v4_bx         0x0000000008009fdc        0x0 linker stubs

.iplt           0x0000000008009fdc        0x0
 .iplt          0x0000000008009fdc        0x0 c:/st/stm32cubeide_1.12.0/stm32cubeide/plugins/com.st.stm32cube.ide.mcu.externaltools.gnu-tools-for-stm32.10.3-2021.10.win32_1.0.200.202301161003/tools/bin/../lib/gcc/arm-none-eabi/10.3.1/thumb/v7e-m+fp/hard/crtbegin.o

.rodata         0x0000000008009fdc       0x4c
                0x0000000008009fdc                . = ALIGN (0x4)
 *(.rodata)
 .rodata        0x0000000008009fdc        0x4 ./Middlewares/ST/STM32_USB_Host_Library/Class/CDC/Src/usbh_cdc.o
 *(.rodata*)
 .rodata.AHBPrescTable
                0x0000000008009fe0       0x10 ./Core/Src/system_stm32l4xx.o
                0x0000000008009fe0                AHBPrescTable
 .rodata.APBPrescTable
                0x0000000008009ff0        0x8 ./Core/Src/system_stm32l4xx.o
                0x0000000008009ff0                APBPrescTable
 .rodata.MSIRangeTable
                0x0000000008009ff8       0x30 ./Core/Src/system_stm32l4xx.o
                0x0000000008009ff8                MSIRangeTable
                0x000000000800a028                . = ALIGN (0x4)

.ARM.extab      0x000000000800a028        0x0
                0x000000000800a028                . = ALIGN (0x4)
 *(.ARM.extab* .gnu.linkonce.armextab.*)
                0x000000000800a028                . = ALIGN (0x4)

.ARM            0x000000000800a028        0x8
                0x000000000800a028                . = ALIGN (0x4)
                0x000000000800a028                __exidx_start = .
 *(.ARM.exidx*)
 .ARM.exidx     0x000000000800a028        0x8 c:/st/stm32cubeide_1.12.0/stm32cubeide/plugins/com.st.stm32cube.ide.mcu.externaltools.gnu-tools-for-stm32.10.3-2021.10.win32_1.0.200.202301161003/tools/bin/../lib/gcc/arm-none-eabi/10.3.1/thumb/v7e-m+fp/hard\libgcc.a(_udivmoddi4.o)
                0x000000000800a030                __exidx_end = .
                0x000000000800a030                . = ALIGN (0x4)

.rel.dyn        0x000000000800a030        0x0
 .rel.iplt      0x000000000800a030        0x0 c:/st/stm32cubeide_1.12.0/stm32cubeide/plugins/com.st.stm32cube.ide.mcu.externaltools.gnu-tools-for-stm32.10.3-2021.10.win32_1.0.200.202301161003/tools/bin/../lib/gcc/arm-none-eabi/10.3.1/thumb/v7e-m+fp/hard/crtbegin.o

.preinit_array  0x000000000800a030        0x0
                0x000000000800a030                . = ALIGN (0x4)
                0x000000000800a030                PROVIDE (__preinit_array_start = .)
 *(.preinit_array*)
                0x000000000800a030                PROVIDE (__preinit_array_end = .)
                0x000000000800a030                . = ALIGN (0x4)

.init_array     0x000000000800a030        0x4
                0x000000000800a030                . = ALIGN (0x4)
                0x000000000800a030                PROVIDE (__init_array_start = .)
 *(SORT_BY_NAME(.init_array.*))
 *(.init_array*)
 .init_array    0x000000000800a030        0x4 c:/st/stm32cubeide_1.12.0/stm32cubeide/plugins/com.st.stm32cube.ide.mcu.externaltools.gnu-tools-for-stm32.10.3-2021.10.win32_1.0.200.202301161003/tools/bin/../lib/gcc/arm-none-eabi/10.3.1/thumb/v7e-m+fp/hard/crtbegin.o
                0x000000000800a034                PROVIDE (__init_array_end = .)
                0x000000000800a034                . = ALIGN (0x4)

.fini_array     0x000000000800a034        0x4
                0x000000000800a034                . = ALIGN (0x4)
                [!provide]                        PROVIDE (__fini_array_start = .)
 *(SORT_BY_NAME(.fini_array.*))
 *(.fini_array*)
 .fini_array    0x000000000800a034        0x4 c:/st/stm32cubeide_1.12.0/stm32cubeide/plugins/com.st.stm32cube.ide.mcu.externaltools.gnu-tools-for-stm32.10.3-2021.10.win32_1.0.200.202301161003/tools/bin/../lib/gcc/arm-none-eabi/10.3.1/thumb/v7e-m+fp/hard/crtbegin.o
                [!provide]                        PROVIDE (__fini_array_end = .)
                0x000000000800a038                . = ALIGN (0x4)
                0x000000000800a038                _sidata = LOADADDR (.data)

.data           0x0000000020000000       0x90 load address 0x000000000800a038
                0x0000000020000000                . = ALIGN (0x4)
                0x0000000020000000                _sdata = .
 *(.data)
 *(.data*)
 .data.SystemCoreClock
                0x0000000020000000        0x4 ./Core/Src/system_stm32l4xx.o
                0x0000000020000000                SystemCoreClock
 .data.uwTickPrio
                0x0000000020000004        0x4 ./Drivers/STM32L4xx_HAL_Driver/Src/stm32l4xx_hal.o
                0x0000000020000004                uwTickPrio
 .data.uwTickFreq
                0x0000000020000008        0x1 ./Drivers/STM32L4xx_HAL_Driver/Src/stm32l4xx_hal.o
                0x0000000020000008                uwTickFreq
 *fill*         0x0000000020000009        0x3 
 .data.CDC_Class
                0x000000002000000c       0x20 ./Middlewares/ST/STM32_USB_Host_Library/Class/CDC/Src/usbh_cdc.o
                0x000000002000000c                CDC_Class
 .data._impure_ptr
                0x000000002000002c        0x4 c:/st/stm32cubeide_1.12.0/stm32cubeide/plugins/com.st.stm32cube.ide.mcu.externaltools.gnu-tools-for-stm32.10.3-2021.10.win32_1.0.200.202301161003/tools/bin/../lib/gcc/arm-none-eabi/10.3.1/../../../../arm-none-eabi/lib/thumb/v7e-m+fp/hard\libc_nano.a(lib_a-impure.o)
                0x000000002000002c                _impure_ptr
 .data.impure_data
                0x0000000020000030       0x60 c:/st/stm32cubeide_1.12.0/stm32cubeide/plugins/com.st.stm32cube.ide.mcu.externaltools.gnu-tools-for-stm32.10.3-2021.10.win32_1.0.200.202301161003/tools/bin/../lib/gcc/arm-none-eabi/10.3.1/../../../../arm-none-eabi/lib/thumb/v7e-m+fp/hard\libc_nano.a(lib_a-impure.o)
 *(.RamFunc)
 *(.RamFunc*)
                0x0000000020000090                . = ALIGN (0x4)
                0x0000000020000090                _edata = .

.igot.plt       0x0000000020000090        0x0 load address 0x000000000800a0c8
 .igot.plt      0x0000000020000090        0x0 c:/st/stm32cubeide_1.12.0/stm32cubeide/plugins/com.st.stm32cube.ide.mcu.externaltools.gnu-tools-for-stm32.10.3-2021.10.win32_1.0.200.202301161003/tools/bin/../lib/gcc/arm-none-eabi/10.3.1/thumb/v7e-m+fp/hard/crtbegin.o
                0x0000000020000090                . = ALIGN (0x4)

.bss            0x0000000020000090      0x998 load address 0x000000000800a0c8
                0x0000000020000090                _sbss = .
                0x0000000020000090                __bss_start__ = _sbss
 *(.bss)
 .bss           0x0000000020000090       0x1c c:/st/stm32cubeide_1.12.0/stm32cubeide/plugins/com.st.stm32cube.ide.mcu.externaltools.gnu-tools-for-stm32.10.3-2021.10.win32_1.0.200.202301161003/tools/bin/../lib/gcc/arm-none-eabi/10.3.1/thumb/v7e-m+fp/hard/crtbegin.o
 *(.bss*)
 .bss.hi2c1     0x00000000200000ac       0x54 ./Core/Src/main.o
                0x00000000200000ac                hi2c1
 .bss.hlcd      0x0000000020000100       0x3c ./Core/Src/main.o
                0x0000000020000100                hlcd
 .bss.hsai_BlockA1
                0x000000002000013c       0x84 ./Core/Src/main.o
                0x000000002000013c                hsai_BlockA1
 .bss.hsai_BlockB1
                0x00000000200001c0       0x84 ./Core/Src/main.o
                0x00000000200001c0                hsai_BlockB1
 .bss.hspi2     0x0000000020000244       0x64 ./Core/Src/main.o
                0x0000000020000244                hspi2
 .bss.huart2    0x00000000200002a8       0x84 ./Core/Src/main.o
                0x00000000200002a8                huart2
 .bss.SAI1_client
                0x000000002000032c        0x4 ./Core/Src/stm32l4xx_hal_msp.o
 .bss.__sbrk_heap_end
                0x0000000020000330        0x4 ./Core/Src/sysmem.o
 .bss.uwTick    0x0000000020000334        0x4 ./Drivers/STM32L4xx_HAL_Driver/Src/stm32l4xx_hal.o
                0x0000000020000334                uwTick
 .bss.hUsbHostFS
                0x0000000020000338      0x3d8 ./USB_HOST/App/usb_host.o
                0x0000000020000338                hUsbHostFS
 .bss.Appli_state
                0x0000000020000710        0x1 ./USB_HOST/App/usb_host.o
                0x0000000020000710                Appli_state
 *fill*         0x0000000020000711        0x3 
 .bss.hhcd_USB_OTG_FS
                0x0000000020000714      0x304 ./USB_HOST/Target/usbh_conf.o
                0x0000000020000714                hhcd_USB_OTG_FS
 .bss.__malloc_free_list
                0x0000000020000a18        0x4 c:/st/stm32cubeide_1.12.0/stm32cubeide/plugins/com.st.stm32cube.ide.mcu.externaltools.gnu-tools-for-stm32.10.3-2021.10.win32_1.0.200.202301161003/tools/bin/../lib/gcc/arm-none-eabi/10.3.1/../../../../arm-none-eabi/lib/thumb/v7e-m+fp/hard\libc_nano.a(lib_a-nano-mallocr.o)
                0x0000000020000a18                __malloc_free_list
 .bss.__malloc_sbrk_start
                0x0000000020000a1c        0x4 c:/st/stm32cubeide_1.12.0/stm32cubeide/plugins/com.st.stm32cube.ide.mcu.externaltools.gnu-tools-for-stm32.10.3-2021.10.win32_1.0.200.202301161003/tools/bin/../lib/gcc/arm-none-eabi/10.3.1/../../../../arm-none-eabi/lib/thumb/v7e-m+fp/hard\libc_nano.a(lib_a-nano-mallocr.o)
                0x0000000020000a1c                __malloc_sbrk_start
 .bss.errno     0x0000000020000a20        0x4 c:/st/stm32cubeide_1.12.0/stm32cubeide/plugins/com.st.stm32cube.ide.mcu.externaltools.gnu-tools-for-stm32.10.3-2021.10.win32_1.0.200.202301161003/tools/bin/../lib/gcc/arm-none-eabi/10.3.1/../../../../arm-none-eabi/lib/thumb/v7e-m+fp/hard\libc_nano.a(lib_a-reent.o)
                0x0000000020000a20                errno
 .bss.__lock___malloc_recursive_mutex
                0x0000000020000a24        0x1 c:/st/stm32cubeide_1.12.0/stm32cubeide/plugins/com.st.stm32cube.ide.mcu.externaltools.gnu-tools-for-stm32.10.3-2021.10.win32_1.0.200.202301161003/tools/bin/../lib/gcc/arm-none-eabi/10.3.1/../../../../arm-none-eabi/lib/thumb/v7e-m+fp/hard\libc_nano.a(lib_a-lock.o)
                0x0000000020000a24                __lock___malloc_recursive_mutex
 *(COMMON)
                0x0000000020000a28                . = ALIGN (0x4)
 *fill*         0x0000000020000a25        0x3 
                0x0000000020000a28                _ebss = .
                0x0000000020000a28                __bss_end__ = _ebss

._user_heap_stack
                0x0000000020000a28      0x600 load address 0x000000000800a0c8
                0x0000000020000a28                . = ALIGN (0x8)
                [!provide]                        PROVIDE (end = .)
                0x0000000020000a28                PROVIDE (_end = .)
                0x0000000020000c28                . = (. + _Min_Heap_Size)
 *fill*         0x0000000020000a28      0x200 
                0x0000000020001028                . = (. + _Min_Stack_Size)
 *fill*         0x0000000020000c28      0x400 
                0x0000000020001028                . = ALIGN (0x8)

/DISCARD/
 libc.a(*)
 libm.a(*)
 libgcc.a(*)

.ARM.attributes
                0x0000000000000000       0x30
 *(.ARM.attributes)
 .ARM.attributes
                0x0000000000000000       0x1e c:/st/stm32cubeide_1.12.0/stm32cubeide/plugins/com.st.stm32cube.ide.mcu.externaltools.gnu-tools-for-stm32.10.3-2021.10.win32_1.0.200.202301161003/tools/bin/../lib/gcc/arm-none-eabi/10.3.1/thumb/v7e-m+fp/hard/crti.o
 .ARM.attributes
                0x000000000000001e       0x34 c:/st/stm32cubeide_1.12.0/stm32cubeide/plugins/com.st.stm32cube.ide.mcu.externaltools.gnu-tools-for-stm32.10.3-2021.10.win32_1.0.200.202301161003/tools/bin/../lib/gcc/arm-none-eabi/10.3.1/thumb/v7e-m+fp/hard/crtbegin.o
 .ARM.attributes
                0x0000000000000052       0x34 ./Core/Src/main.o
 .ARM.attributes
                0x0000000000000086       0x34 ./Core/Src/stm32l4xx_hal_msp.o
 .ARM.attributes
                0x00000000000000ba       0x34 ./Core/Src/stm32l4xx_it.o
 .ARM.attributes
                0x00000000000000ee       0x34 ./Core/Src/sysmem.o
 .ARM.attributes
                0x0000000000000122       0x34 ./Core/Src/system_stm32l4xx.o
 .ARM.attributes
                0x0000000000000156       0x21 ./Core/Startup/startup_stm32l476vgtx.o
 .ARM.attributes
                0x0000000000000177       0x34 ./Drivers/STM32L4xx_HAL_Driver/Src/stm32l4xx_hal.o
 .ARM.attributes
                0x00000000000001ab       0x34 ./Drivers/STM32L4xx_HAL_Driver/Src/stm32l4xx_hal_cortex.o
 .ARM.attributes
                0x00000000000001df       0x34 ./Drivers/STM32L4xx_HAL_Driver/Src/stm32l4xx_hal_gpio.o
 .ARM.attributes
                0x0000000000000213       0x34 ./Drivers/STM32L4xx_HAL_Driver/Src/stm32l4xx_hal_hcd.o
 .ARM.attributes
                0x0000000000000247       0x34 ./Drivers/STM32L4xx_HAL_Driver/Src/stm32l4xx_hal_i2c.o
 .ARM.attributes
                0x000000000000027b       0x34 ./Drivers/STM32L4xx_HAL_Driver/Src/stm32l4xx_hal_i2c_ex.o
 .ARM.attributes
                0x00000000000002af       0x34 ./Drivers/STM32L4xx_HAL_Driver/Src/stm32l4xx_hal_lcd.o
 .ARM.attributes
                0x00000000000002e3       0x34 ./Drivers/STM32L4xx_HAL_Driver/Src/stm32l4xx_hal_pwr_ex.o
 .ARM.attributes
                0x0000000000000317       0x34 ./Drivers/STM32L4xx_HAL_Driver/Src/stm32l4xx_hal_rcc.o
 .ARM.attributes
                0x000000000000034b       0x34 ./Drivers/STM32L4xx_HAL_Driver/Src/stm32l4xx_hal_rcc_ex.o
 .ARM.attributes
                0x000000000000037f       0x34 ./Drivers/STM32L4xx_HAL_Driver/Src/stm32l4xx_hal_sai.o
 .ARM.attributes
                0x00000000000003b3       0x34 ./Drivers/STM32L4xx_HAL_Driver/Src/stm32l4xx_hal_spi.o
 .ARM.attributes
                0x00000000000003e7       0x34 ./Drivers/STM32L4xx_HAL_Driver/Src/stm32l4xx_hal_uart.o
 .ARM.attributes
                0x000000000000041b       0x34 ./Drivers/STM32L4xx_HAL_Driver/Src/stm32l4xx_ll_usb.o
 .ARM.attributes
                0x000000000000044f       0x34 ./Middlewares/ST/STM32_USB_Host_Library/Class/CDC/Src/usbh_cdc.o
 .ARM.attributes
                0x0000000000000483       0x34 ./Middlewares/ST/STM32_USB_Host_Library/Core/Src/usbh_core.o
 .ARM.attributes
                0x00000000000004b7       0x34 ./Middlewares/ST/STM32_USB_Host_Library/Core/Src/usbh_ctlreq.o
 .ARM.attributes
                0x00000000000004eb       0x34 ./Middlewares/ST/STM32_USB_Host_Library/Core/Src/usbh_ioreq.o
 .ARM.attributes
                0x000000000000051f       0x34 ./Middlewares/ST/STM32_USB_Host_Library/Core/Src/usbh_pipes.o
 .ARM.attributes
                0x0000000000000553       0x34 ./USB_HOST/App/usb_host.o
 .ARM.attributes
                0x0000000000000587       0x34 ./USB_HOST/Target/usbh_conf.o
 .ARM.attributes
                0x00000000000005bb       0x34 ./USB_HOST/Target/usbh_platform.o
 .ARM.attributes
                0x00000000000005ef       0x34 c:/st/stm32cubeide_1.12.0/stm32cubeide/plugins/com.st.stm32cube.ide.mcu.externaltools.gnu-tools-for-stm32.10.3-2021.10.win32_1.0.200.202301161003/tools/bin/../lib/gcc/arm-none-eabi/10.3.1/../../../../arm-none-eabi/lib/thumb/v7e-m+fp/hard\libc_nano.a(lib_a-errno.o)
 .ARM.attributes
                0x0000000000000623       0x34 c:/st/stm32cubeide_1.12.0/stm32cubeide/plugins/com.st.stm32cube.ide.mcu.externaltools.gnu-tools-for-stm32.10.3-2021.10.win32_1.0.200.202301161003/tools/bin/../lib/gcc/arm-none-eabi/10.3.1/../../../../arm-none-eabi/lib/thumb/v7e-m+fp/hard\libc_nano.a(lib_a-impure.o)
 .ARM.attributes
                0x0000000000000657       0x34 c:/st/stm32cubeide_1.12.0/stm32cubeide/plugins/com.st.stm32cube.ide.mcu.externaltools.gnu-tools-for-stm32.10.3-2021.10.win32_1.0.200.202301161003/tools/bin/../lib/gcc/arm-none-eabi/10.3.1/../../../../arm-none-eabi/lib/thumb/v7e-m+fp/hard\libc_nano.a(lib_a-init.o)
 .ARM.attributes
                0x000000000000068b       0x34 c:/st/stm32cubeide_1.12.0/stm32cubeide/plugins/com.st.stm32cube.ide.mcu.externaltools.gnu-tools-for-stm32.10.3-2021.10.win32_1.0.200.202301161003/tools/bin/../lib/gcc/arm-none-eabi/10.3.1/../../../../arm-none-eabi/lib/thumb/v7e-m+fp/hard\libc_nano.a(lib_a-malloc.o)
 .ARM.attributes
                0x00000000000006bf       0x34 c:/st/stm32cubeide_1.12.0/stm32cubeide/plugins/com.st.stm32cube.ide.mcu.externaltools.gnu-tools-for-stm32.10.3-2021.10.win32_1.0.200.202301161003/tools/bin/../lib/gcc/arm-none-eabi/10.3.1/../../../../arm-none-eabi/lib/thumb/v7e-m+fp/hard\libc_nano.a(lib_a-memset.o)
 .ARM.attributes
                0x00000000000006f3       0x34 c:/st/stm32cubeide_1.12.0/stm32cubeide/plugins/com.st.stm32cube.ide.mcu.externaltools.gnu-tools-for-stm32.10.3-2021.10.win32_1.0.200.202301161003/tools/bin/../lib/gcc/arm-none-eabi/10.3.1/../../../../arm-none-eabi/lib/thumb/v7e-m+fp/hard\libc_nano.a(lib_a-nano-freer.o)
 .ARM.attributes
                0x0000000000000727       0x34 c:/st/stm32cubeide_1.12.0/stm32cubeide/plugins/com.st.stm32cube.ide.mcu.externaltools.gnu-tools-for-stm32.10.3-2021.10.win32_1.0.200.202301161003/tools/bin/../lib/gcc/arm-none-eabi/10.3.1/../../../../arm-none-eabi/lib/thumb/v7e-m+fp/hard\libc_nano.a(lib_a-nano-mallocr.o)
 .ARM.attributes
                0x000000000000075b       0x34 c:/st/stm32cubeide_1.12.0/stm32cubeide/plugins/com.st.stm32cube.ide.mcu.externaltools.gnu-tools-for-stm32.10.3-2021.10.win32_1.0.200.202301161003/tools/bin/../lib/gcc/arm-none-eabi/10.3.1/../../../../arm-none-eabi/lib/thumb/v7e-m+fp/hard\libc_nano.a(lib_a-sbrkr.o)
 .ARM.attributes
                0x000000000000078f       0x34 c:/st/stm32cubeide_1.12.0/stm32cubeide/plugins/com.st.stm32cube.ide.mcu.externaltools.gnu-tools-for-stm32.10.3-2021.10.win32_1.0.200.202301161003/tools/bin/../lib/gcc/arm-none-eabi/10.3.1/../../../../arm-none-eabi/lib/thumb/v7e-m+fp/hard\libc_nano.a(lib_a-mlock.o)
 .ARM.attributes
                0x00000000000007c3       0x34 c:/st/stm32cubeide_1.12.0/stm32cubeide/plugins/com.st.stm32cube.ide.mcu.externaltools.gnu-tools-for-stm32.10.3-2021.10.win32_1.0.200.202301161003/tools/bin/../lib/gcc/arm-none-eabi/10.3.1/../../../../arm-none-eabi/lib/thumb/v7e-m+fp/hard\libc_nano.a(lib_a-reent.o)
 .ARM.attributes
                0x00000000000007f7       0x34 c:/st/stm32cubeide_1.12.0/stm32cubeide/plugins/com.st.stm32cube.ide.mcu.externaltools.gnu-tools-for-stm32.10.3-2021.10.win32_1.0.200.202301161003/tools/bin/../lib/gcc/arm-none-eabi/10.3.1/../../../../arm-none-eabi/lib/thumb/v7e-m+fp/hard\libc_nano.a(lib_a-lock.o)
 .ARM.attributes
                0x000000000000082b       0x1e c:/st/stm32cubeide_1.12.0/stm32cubeide/plugins/com.st.stm32cube.ide.mcu.externaltools.gnu-tools-for-stm32.10.3-2021.10.win32_1.0.200.202301161003/tools/bin/../lib/gcc/arm-none-eabi/10.3.1/thumb/v7e-m+fp/hard\libgcc.a(_aeabi_uldivmod.o)
 .ARM.attributes
                0x0000000000000849       0x34 c:/st/stm32cubeide_1.12.0/stm32cubeide/plugins/com.st.stm32cube.ide.mcu.externaltools.gnu-tools-for-stm32.10.3-2021.10.win32_1.0.200.202301161003/tools/bin/../lib/gcc/arm-none-eabi/10.3.1/thumb/v7e-m+fp/hard\libgcc.a(_udivmoddi4.o)
 .ARM.attributes
                0x000000000000087d       0x1e c:/st/stm32cubeide_1.12.0/stm32cubeide/plugins/com.st.stm32cube.ide.mcu.externaltools.gnu-tools-for-stm32.10.3-2021.10.win32_1.0.200.202301161003/tools/bin/../lib/gcc/arm-none-eabi/10.3.1/thumb/v7e-m+fp/hard\libgcc.a(_dvmd_tls.o)
 .ARM.attributes
                0x000000000000089b       0x1e c:/st/stm32cubeide_1.12.0/stm32cubeide/plugins/com.st.stm32cube.ide.mcu.externaltools.gnu-tools-for-stm32.10.3-2021.10.win32_1.0.200.202301161003/tools/bin/../lib/gcc/arm-none-eabi/10.3.1/thumb/v7e-m+fp/hard/crtn.o
OUTPUT(TrafficLIght_Test.elf elf32-littlearm)
LOAD linker stubs
LOAD c:/st/stm32cubeide_1.12.0/stm32cubeide/plugins/com.st.stm32cube.ide.mcu.externaltools.gnu-tools-for-stm32.10.3-2021.10.win32_1.0.200.202301161003/tools/bin/../lib/gcc/arm-none-eabi/10.3.1/../../../../arm-none-eabi/lib/thumb/v7e-m+fp/hard\libc.a
LOAD c:/st/stm32cubeide_1.12.0/stm32cubeide/plugins/com.st.stm32cube.ide.mcu.externaltools.gnu-tools-for-stm32.10.3-2021.10.win32_1.0.200.202301161003/tools/bin/../lib/gcc/arm-none-eabi/10.3.1/../../../../arm-none-eabi/lib/thumb/v7e-m+fp/hard\libm.a
LOAD c:/st/stm32cubeide_1.12.0/stm32cubeide/plugins/com.st.stm32cube.ide.mcu.externaltools.gnu-tools-for-stm32.10.3-2021.10.win32_1.0.200.202301161003/tools/bin/../lib/gcc/arm-none-eabi/10.3.1/thumb/v7e-m+fp/hard\libgcc.a

.debug_info     0x0000000000000000    0x1cc57
 .debug_info    0x0000000000000000     0x1d8a ./Core/Src/main.o
 .debug_info    0x0000000000001d8a     0x1ae7 ./Core/Src/stm32l4xx_hal_msp.o
 .debug_info    0x0000000000003871      0x6f4 ./Core/Src/stm32l4xx_it.o
 .debug_info    0x0000000000003f65      0x171 ./Core/Src/sysmem.o
 .debug_info    0x00000000000040d6      0x5c6 ./Core/Src/system_stm32l4xx.o
 .debug_info    0x000000000000469c       0x22 ./Core/Startup/startup_stm32l476vgtx.o
 .debug_info    0x00000000000046be      0xc57 ./Drivers/STM32L4xx_HAL_Driver/Src/stm32l4xx_hal.o
 .debug_info    0x0000000000005315      0xe21 ./Drivers/STM32L4xx_HAL_Driver/Src/stm32l4xx_hal_cortex.o
 .debug_info    0x0000000000006136      0x821 ./Drivers/STM32L4xx_HAL_Driver/Src/stm32l4xx_hal_gpio.o
 .debug_info    0x0000000000006957     0x1117 ./Drivers/STM32L4xx_HAL_Driver/Src/stm32l4xx_hal_hcd.o
 .debug_info    0x0000000000007a6e     0x2232 ./Drivers/STM32L4xx_HAL_Driver/Src/stm32l4xx_hal_i2c.o
 .debug_info    0x0000000000009ca0      0xa45 ./Drivers/STM32L4xx_HAL_Driver/Src/stm32l4xx_hal_i2c_ex.o
 .debug_info    0x000000000000a6e5      0x56f ./Drivers/STM32L4xx_HAL_Driver/Src/stm32l4xx_hal_lcd.o
 .debug_info    0x000000000000ac54      0x9f0 ./Drivers/STM32L4xx_HAL_Driver/Src/stm32l4xx_hal_pwr_ex.o
 .debug_info    0x000000000000b644      0xced ./Drivers/STM32L4xx_HAL_Driver/Src/stm32l4xx_hal_rcc.o
 .debug_info    0x000000000000c331      0xe92 ./Drivers/STM32L4xx_HAL_Driver/Src/stm32l4xx_hal_rcc_ex.o
 .debug_info    0x000000000000d1c3     0x1280 ./Drivers/STM32L4xx_HAL_Driver/Src/stm32l4xx_hal_sai.o
 .debug_info    0x000000000000e443     0x1782 ./Drivers/STM32L4xx_HAL_Driver/Src/stm32l4xx_hal_spi.o
 .debug_info    0x000000000000fbc5     0x3d0e ./Drivers/STM32L4xx_HAL_Driver/Src/stm32l4xx_hal_uart.o
 .debug_info    0x00000000000138d3     0x1ac6 ./Drivers/STM32L4xx_HAL_Driver/Src/stm32l4xx_ll_usb.o
 .debug_info    0x0000000000015399     0x1505 ./Middlewares/ST/STM32_USB_Host_Library/Class/CDC/Src/usbh_cdc.o
 .debug_info    0x000000000001689e     0x1059 ./Middlewares/ST/STM32_USB_Host_Library/Core/Src/usbh_core.o
 .debug_info    0x00000000000178f7     0x1011 ./Middlewares/ST/STM32_USB_Host_Library/Core/Src/usbh_ctlreq.o
 .debug_info    0x0000000000018908      0xcee ./Middlewares/ST/STM32_USB_Host_Library/Core/Src/usbh_ioreq.o
 .debug_info    0x00000000000195f6      0xb2c ./Middlewares/ST/STM32_USB_Host_Library/Core/Src/usbh_pipes.o
 .debug_info    0x000000000001a122      0xaab ./USB_HOST/App/usb_host.o
 .debug_info    0x000000000001abcd     0x1e84 ./USB_HOST/Target/usbh_conf.o
 .debug_info    0x000000000001ca51      0x206 ./USB_HOST/Target/usbh_platform.o

.debug_abbrev   0x0000000000000000     0x3de0
 .debug_abbrev  0x0000000000000000      0x2b5 ./Core/Src/main.o
 .debug_abbrev  0x00000000000002b5      0x215 ./Core/Src/stm32l4xx_hal_msp.o
 .debug_abbrev  0x00000000000004ca      0x199 ./Core/Src/stm32l4xx_it.o
 .debug_abbrev  0x0000000000000663       0xbb ./Core/Src/sysmem.o
 .debug_abbrev  0x000000000000071e      0x116 ./Core/Src/system_stm32l4xx.o
 .debug_abbrev  0x0000000000000834       0x12 ./Core/Startup/startup_stm32l476vgtx.o
 .debug_abbrev  0x0000000000000846      0x23a ./Drivers/STM32L4xx_HAL_Driver/Src/stm32l4xx_hal.o
 .debug_abbrev  0x0000000000000a80      0x316 ./Drivers/STM32L4xx_HAL_Driver/Src/stm32l4xx_hal_cortex.o
 .debug_abbrev  0x0000000000000d96      0x1bb ./Drivers/STM32L4xx_HAL_Driver/Src/stm32l4xx_hal_gpio.o
 .debug_abbrev  0x0000000000000f51      0x27e ./Drivers/STM32L4xx_HAL_Driver/Src/stm32l4xx_hal_hcd.o
 .debug_abbrev  0x00000000000011cf      0x243 ./Drivers/STM32L4xx_HAL_Driver/Src/stm32l4xx_hal_i2c.o
 .debug_abbrev  0x0000000000001412      0x1b0 ./Drivers/STM32L4xx_HAL_Driver/Src/stm32l4xx_hal_i2c_ex.o
 .debug_abbrev  0x00000000000015c2      0x1b0 ./Drivers/STM32L4xx_HAL_Driver/Src/stm32l4xx_hal_lcd.o
 .debug_abbrev  0x0000000000001772      0x1f3 ./Drivers/STM32L4xx_HAL_Driver/Src/stm32l4xx_hal_pwr_ex.o
 .debug_abbrev  0x0000000000001965      0x2bd ./Drivers/STM32L4xx_HAL_Driver/Src/stm32l4xx_hal_rcc.o
 .debug_abbrev  0x0000000000001c22      0x299 ./Drivers/STM32L4xx_HAL_Driver/Src/stm32l4xx_hal_rcc_ex.o
 .debug_abbrev  0x0000000000001ebb      0x260 ./Drivers/STM32L4xx_HAL_Driver/Src/stm32l4xx_hal_sai.o
 .debug_abbrev  0x000000000000211b      0x254 ./Drivers/STM32L4xx_HAL_Driver/Src/stm32l4xx_hal_spi.o
 .debug_abbrev  0x000000000000236f      0x2bc ./Drivers/STM32L4xx_HAL_Driver/Src/stm32l4xx_hal_uart.o
 .debug_abbrev  0x000000000000262b      0x296 ./Drivers/STM32L4xx_HAL_Driver/Src/stm32l4xx_ll_usb.o
 .debug_abbrev  0x00000000000028c1      0x328 ./Middlewares/ST/STM32_USB_Host_Library/Class/CDC/Src/usbh_cdc.o
 .debug_abbrev  0x0000000000002be9      0x346 ./Middlewares/ST/STM32_USB_Host_Library/Core/Src/usbh_core.o
 .debug_abbrev  0x0000000000002f2f      0x2e4 ./Middlewares/ST/STM32_USB_Host_Library/Core/Src/usbh_ctlreq.o
 .debug_abbrev  0x0000000000003213      0x232 ./Middlewares/ST/STM32_USB_Host_Library/Core/Src/usbh_ioreq.o
 .debug_abbrev  0x0000000000003445      0x270 ./Middlewares/ST/STM32_USB_Host_Library/Core/Src/usbh_pipes.o
 .debug_abbrev  0x00000000000036b5      0x25a ./USB_HOST/App/usb_host.o
 .debug_abbrev  0x000000000000390f      0x3bf ./USB_HOST/Target/usbh_conf.o
 .debug_abbrev  0x0000000000003cce      0x112 ./USB_HOST/Target/usbh_platform.o

.debug_aranges  0x0000000000000000     0x1650
 .debug_aranges
                0x0000000000000000       0x90 ./Core/Src/main.o
 .debug_aranges
                0x0000000000000090       0x70 ./Core/Src/stm32l4xx_hal_msp.o
 .debug_aranges
                0x0000000000000100       0x68 ./Core/Src/stm32l4xx_it.o
 .debug_aranges
                0x0000000000000168       0x20 ./Core/Src/sysmem.o
 .debug_aranges
                0x0000000000000188       0x28 ./Core/Src/system_stm32l4xx.o
 .debug_aranges
                0x00000000000001b0       0x28 ./Core/Startup/startup_stm32l476vgtx.o
 .debug_aranges
                0x00000000000001d8      0x130 ./Drivers/STM32L4xx_HAL_Driver/Src/stm32l4xx_hal.o
 .debug_aranges
                0x0000000000000308      0x118 ./Drivers/STM32L4xx_HAL_Driver/Src/stm32l4xx_hal_cortex.o
 .debug_aranges
                0x0000000000000420       0x58 ./Drivers/STM32L4xx_HAL_Driver/Src/stm32l4xx_hal_gpio.o
 .debug_aranges
                0x0000000000000478       0xf0 ./Drivers/STM32L4xx_HAL_Driver/Src/stm32l4xx_hal_hcd.o
 .debug_aranges
                0x0000000000000568      0x2a0 ./Drivers/STM32L4xx_HAL_Driver/Src/stm32l4xx_hal_i2c.o
 .debug_aranges
                0x0000000000000808       0x48 ./Drivers/STM32L4xx_HAL_Driver/Src/stm32l4xx_hal_i2c_ex.o
 .debug_aranges
                0x0000000000000850       0x68 ./Drivers/STM32L4xx_HAL_Driver/Src/stm32l4xx_hal_lcd.o
 .debug_aranges
                0x00000000000008b8      0x160 ./Drivers/STM32L4xx_HAL_Driver/Src/stm32l4xx_hal_pwr_ex.o
 .debug_aranges
                0x0000000000000a18       0x90 ./Drivers/STM32L4xx_HAL_Driver/Src/stm32l4xx_hal_rcc.o
 .debug_aranges
                0x0000000000000aa8       0xc0 ./Drivers/STM32L4xx_HAL_Driver/Src/stm32l4xx_hal_rcc_ex.o
 .debug_aranges
                0x0000000000000b68      0x178 ./Drivers/STM32L4xx_HAL_Driver/Src/stm32l4xx_hal_sai.o
 .debug_aranges
                0x0000000000000ce0      0x1d8 ./Drivers/STM32L4xx_HAL_Driver/Src/stm32l4xx_hal_spi.o
 .debug_aranges
                0x0000000000000eb8      0x228 ./Drivers/STM32L4xx_HAL_Driver/Src/stm32l4xx_hal_uart.o
 .debug_aranges
                0x00000000000010e0      0x1a0 ./Drivers/STM32L4xx_HAL_Driver/Src/stm32l4xx_ll_usb.o
 .debug_aranges
                0x0000000000001280       0xa8 ./Middlewares/ST/STM32_USB_Host_Library/Class/CDC/Src/usbh_cdc.o
 .debug_aranges
                0x0000000000001328       0xc0 ./Middlewares/ST/STM32_USB_Host_Library/Core/Src/usbh_core.o
 .debug_aranges
                0x00000000000013e8       0xa0 ./Middlewares/ST/STM32_USB_Host_Library/Core/Src/usbh_ctlreq.o
 .debug_aranges
                0x0000000000001488       0x60 ./Middlewares/ST/STM32_USB_Host_Library/Core/Src/usbh_ioreq.o
 .debug_aranges
                0x00000000000014e8       0x40 ./Middlewares/ST/STM32_USB_Host_Library/Core/Src/usbh_pipes.o
 .debug_aranges
                0x0000000000001528       0x30 ./USB_HOST/App/usb_host.o
 .debug_aranges
                0x0000000000001558       0xd8 ./USB_HOST/Target/usbh_conf.o
 .debug_aranges
                0x0000000000001630       0x20 ./USB_HOST/Target/usbh_platform.o

.debug_ranges   0x0000000000000000     0x14e0
 .debug_ranges  0x0000000000000000       0x80 ./Core/Src/main.o
 .debug_ranges  0x0000000000000080       0x60 ./Core/Src/stm32l4xx_hal_msp.o
 .debug_ranges  0x00000000000000e0       0x58 ./Core/Src/stm32l4xx_it.o
 .debug_ranges  0x0000000000000138       0x10 ./Core/Src/sysmem.o
 .debug_ranges  0x0000000000000148       0x18 ./Core/Src/system_stm32l4xx.o
 .debug_ranges  0x0000000000000160       0x20 ./Core/Startup/startup_stm32l476vgtx.o
 .debug_ranges  0x0000000000000180      0x120 ./Drivers/STM32L4xx_HAL_Driver/Src/stm32l4xx_hal.o
 .debug_ranges  0x00000000000002a0      0x108 ./Drivers/STM32L4xx_HAL_Driver/Src/stm32l4xx_hal_cortex.o
 .debug_ranges  0x00000000000003a8       0x48 ./Drivers/STM32L4xx_HAL_Driver/Src/stm32l4xx_hal_gpio.o
 .debug_ranges  0x00000000000003f0       0xe0 ./Drivers/STM32L4xx_HAL_Driver/Src/stm32l4xx_hal_hcd.o
 .debug_ranges  0x00000000000004d0      0x290 ./Drivers/STM32L4xx_HAL_Driver/Src/stm32l4xx_hal_i2c.o
 .debug_ranges  0x0000000000000760       0x38 ./Drivers/STM32L4xx_HAL_Driver/Src/stm32l4xx_hal_i2c_ex.o
 .debug_ranges  0x0000000000000798       0x58 ./Drivers/STM32L4xx_HAL_Driver/Src/stm32l4xx_hal_lcd.o
 .debug_ranges  0x00000000000007f0      0x150 ./Drivers/STM32L4xx_HAL_Driver/Src/stm32l4xx_hal_pwr_ex.o
 .debug_ranges  0x0000000000000940       0x80 ./Drivers/STM32L4xx_HAL_Driver/Src/stm32l4xx_hal_rcc.o
 .debug_ranges  0x00000000000009c0       0xb0 ./Drivers/STM32L4xx_HAL_Driver/Src/stm32l4xx_hal_rcc_ex.o
 .debug_ranges  0x0000000000000a70      0x180 ./Drivers/STM32L4xx_HAL_Driver/Src/stm32l4xx_hal_sai.o
 .debug_ranges  0x0000000000000bf0      0x1c8 ./Drivers/STM32L4xx_HAL_Driver/Src/stm32l4xx_hal_spi.o
 .debug_ranges  0x0000000000000db8      0x248 ./Drivers/STM32L4xx_HAL_Driver/Src/stm32l4xx_hal_uart.o
 .debug_ranges  0x0000000000001000      0x190 ./Drivers/STM32L4xx_HAL_Driver/Src/stm32l4xx_ll_usb.o
 .debug_ranges  0x0000000000001190       0x98 ./Middlewares/ST/STM32_USB_Host_Library/Class/CDC/Src/usbh_cdc.o
 .debug_ranges  0x0000000000001228       0xb0 ./Middlewares/ST/STM32_USB_Host_Library/Core/Src/usbh_core.o
 .debug_ranges  0x00000000000012d8       0x90 ./Middlewares/ST/STM32_USB_Host_Library/Core/Src/usbh_ctlreq.o
 .debug_ranges  0x0000000000001368       0x50 ./Middlewares/ST/STM32_USB_Host_Library/Core/Src/usbh_ioreq.o
 .debug_ranges  0x00000000000013b8       0x30 ./Middlewares/ST/STM32_USB_Host_Library/Core/Src/usbh_pipes.o
 .debug_ranges  0x00000000000013e8       0x20 ./USB_HOST/App/usb_host.o
 .debug_ranges  0x0000000000001408       0xc8 ./USB_HOST/Target/usbh_conf.o
 .debug_ranges  0x00000000000014d0       0x10 ./USB_HOST/Target/usbh_platform.o

.debug_macro    0x0000000000000000    0x2a285
 .debug_macro   0x0000000000000000      0x220 ./Core/Src/main.o
 .debug_macro   0x0000000000000220      0xa78 ./Core/Src/main.o
 .debug_macro   0x0000000000000c98      0x1bf ./Core/Src/main.o
 .debug_macro   0x0000000000000e57       0x2e ./Core/Src/main.o
 .debug_macro   0x0000000000000e85       0x28 ./Core/Src/main.o
 .debug_macro   0x0000000000000ead       0x22 ./Core/Src/main.o
 .debug_macro   0x0000000000000ecf       0x8e ./Core/Src/main.o
 .debug_macro   0x0000000000000f5d       0x51 ./Core/Src/main.o
 .debug_macro   0x0000000000000fae      0x103 ./Core/Src/main.o
 .debug_macro   0x00000000000010b1       0x6a ./Core/Src/main.o
 .debug_macro   0x000000000000111b      0x1df ./Core/Src/main.o
 .debug_macro   0x00000000000012fa       0x1c ./Core/Src/main.o
 .debug_macro   0x0000000000001316       0x22 ./Core/Src/main.o
 .debug_macro   0x0000000000001338       0xfb ./Core/Src/main.o
 .debug_macro   0x0000000000001433     0x1011 ./Core/Src/main.o
 .debug_macro   0x0000000000002444      0x11f ./Core/Src/main.o
 .debug_macro   0x0000000000002563    0x1a17a ./Core/Src/main.o
 .debug_macro   0x000000000001c6dd       0x6d ./Core/Src/main.o
 .debug_macro   0x000000000001c74a     0x38e6 ./Core/Src/main.o
 .debug_macro   0x0000000000020030      0x174 ./Core/Src/main.o
 .debug_macro   0x00000000000201a4       0x5c ./Core/Src/main.o
 .debug_macro   0x0000000000020200     0x159e ./Core/Src/main.o
 .debug_macro   0x000000000002179e      0x5a5 ./Core/Src/main.o
 .debug_macro   0x0000000000021d43      0x1b9 ./Core/Src/main.o
 .debug_macro   0x0000000000021efc      0x18b ./Core/Src/main.o
 .debug_macro   0x0000000000022087      0x26b ./Core/Src/main.o
 .debug_macro   0x00000000000222f2      0x23d ./Core/Src/main.o
 .debug_macro   0x000000000002252f      0x241 ./Core/Src/main.o
 .debug_macro   0x0000000000022770      0x37c ./Core/Src/main.o
 .debug_macro   0x0000000000022aec       0xd6 ./Core/Src/main.o
 .debug_macro   0x0000000000022bc2      0x1f4 ./Core/Src/main.o
 .debug_macro   0x0000000000022db6       0x76 ./Core/Src/main.o
 .debug_macro   0x0000000000022e2c      0x22c ./Core/Src/main.o
 .debug_macro   0x0000000000023058       0x61 ./Core/Src/main.o
 .debug_macro   0x00000000000230b9       0xa5 ./Core/Src/main.o
 .debug_macro   0x000000000002315e      0x3df ./Core/Src/main.o
 .debug_macro   0x000000000002353d      0x122 ./Core/Src/main.o
 .debug_macro   0x000000000002365f      0x3ef ./Core/Src/main.o
 .debug_macro   0x0000000000023a4e      0x447 ./Core/Src/main.o
 .debug_macro   0x0000000000023e95      0x2fe ./Core/Src/main.o
 .debug_macro   0x0000000000024193      0x5ba ./Core/Src/main.o
 .debug_macro   0x000000000002474d       0x44 ./Core/Src/main.o
 .debug_macro   0x0000000000024791      0x330 ./Core/Src/main.o
 .debug_macro   0x0000000000024ac1      0x404 ./Core/Src/main.o
 .debug_macro   0x0000000000024ec5      0x216 ./Core/Src/stm32l4xx_hal_msp.o
 .debug_macro   0x00000000000250db      0x220 ./Core/Src/stm32l4xx_it.o
 .debug_macro   0x00000000000252fb       0xff ./Core/Src/sysmem.o
 .debug_macro   0x00000000000253fa      0x23b ./Core/Src/sysmem.o
 .debug_macro   0x0000000000025635      0x207 ./Core/Src/system_stm32l4xx.o
 .debug_macro   0x000000000002583c      0x255 ./Drivers/STM32L4xx_HAL_Driver/Src/stm32l4xx_hal.o
 .debug_macro   0x0000000000025a91      0x207 ./Drivers/STM32L4xx_HAL_Driver/Src/stm32l4xx_hal_cortex.o
 .debug_macro   0x0000000000025c98      0x20e ./Drivers/STM32L4xx_HAL_Driver/Src/stm32l4xx_hal_gpio.o
 .debug_macro   0x0000000000025ea6      0x207 ./Drivers/STM32L4xx_HAL_Driver/Src/stm32l4xx_hal_hcd.o
 .debug_macro   0x00000000000260ad      0x2d3 ./Drivers/STM32L4xx_HAL_Driver/Src/stm32l4xx_hal_i2c.o
 .debug_macro   0x0000000000026380      0x207 ./Drivers/STM32L4xx_HAL_Driver/Src/stm32l4xx_hal_i2c_ex.o
 .debug_macro   0x0000000000026587      0x20d ./Drivers/STM32L4xx_HAL_Driver/Src/stm32l4xx_hal_lcd.o
 .debug_macro   0x0000000000026794      0x22b ./Drivers/STM32L4xx_HAL_Driver/Src/stm32l4xx_hal_pwr_ex.o
 .debug_macro   0x00000000000269bf      0x249 ./Drivers/STM32L4xx_HAL_Driver/Src/stm32l4xx_hal_rcc.o
 .debug_macro   0x0000000000026c08      0x23d ./Drivers/STM32L4xx_HAL_Driver/Src/stm32l4xx_hal_rcc_ex.o
 .debug_macro   0x0000000000026e45      0x216 ./Drivers/STM32L4xx_HAL_Driver/Src/stm32l4xx_hal_sai.o
 .debug_macro   0x000000000002705b      0x20f ./Drivers/STM32L4xx_HAL_Driver/Src/stm32l4xx_hal_spi.o
 .debug_macro   0x000000000002726a      0x232 ./Drivers/STM32L4xx_HAL_Driver/Src/stm32l4xx_hal_uart.o
 .debug_macro   0x000000000002749c      0x207 ./Drivers/STM32L4xx_HAL_Driver/Src/stm32l4xx_ll_usb.o
 .debug_macro   0x00000000000276a3      0x435 ./Middlewares/ST/STM32_USB_Host_Library/Class/CDC/Src/usbh_cdc.o
 .debug_macro   0x0000000000027ad8       0x16 ./Middlewares/ST/STM32_USB_Host_Library/Class/CDC/Src/usbh_cdc.o
 .debug_macro   0x0000000000027aee       0x97 ./Middlewares/ST/STM32_USB_Host_Library/Class/CDC/Src/usbh_cdc.o
 .debug_macro   0x0000000000027b85       0xfd ./Middlewares/ST/STM32_USB_Host_Library/Class/CDC/Src/usbh_cdc.o
 .debug_macro   0x0000000000027c82       0x16 ./Middlewares/ST/STM32_USB_Host_Library/Class/CDC/Src/usbh_cdc.o
 .debug_macro   0x0000000000027c98       0x20 ./Middlewares/ST/STM32_USB_Host_Library/Class/CDC/Src/usbh_cdc.o
 .debug_macro   0x0000000000027cb8       0x56 ./Middlewares/ST/STM32_USB_Host_Library/Class/CDC/Src/usbh_cdc.o
 .debug_macro   0x0000000000027d0e       0x73 ./Middlewares/ST/STM32_USB_Host_Library/Class/CDC/Src/usbh_cdc.o
 .debug_macro   0x0000000000027d81      0x218 ./Middlewares/ST/STM32_USB_Host_Library/Class/CDC/Src/usbh_cdc.o
 .debug_macro   0x0000000000027f99       0x2e ./Middlewares/ST/STM32_USB_Host_Library/Class/CDC/Src/usbh_cdc.o
 .debug_macro   0x0000000000027fc7       0x2e ./Middlewares/ST/STM32_USB_Host_Library/Class/CDC/Src/usbh_cdc.o
 .debug_macro   0x0000000000027ff5       0x28 ./Middlewares/ST/STM32_USB_Host_Library/Class/CDC/Src/usbh_cdc.o
 .debug_macro   0x000000000002801d      0x15c ./Middlewares/ST/STM32_USB_Host_Library/Class/CDC/Src/usbh_cdc.o
 .debug_macro   0x0000000000028179      0x432 ./Middlewares/ST/STM32_USB_Host_Library/Core/Src/usbh_core.o
 .debug_macro   0x00000000000285ab      0x42a ./Middlewares/ST/STM32_USB_Host_Library/Core/Src/usbh_ctlreq.o
 .debug_macro   0x00000000000289d5       0x28 ./Middlewares/ST/STM32_USB_Host_Library/Core/Src/usbh_ctlreq.o
 .debug_macro   0x00000000000289fd      0x424 ./Middlewares/ST/STM32_USB_Host_Library/Core/Src/usbh_ioreq.o
 .debug_macro   0x0000000000028e21      0x424 ./Middlewares/ST/STM32_USB_Host_Library/Core/Src/usbh_pipes.o
 .debug_macro   0x0000000000029245      0x433 ./USB_HOST/App/usb_host.o
 .debug_macro   0x0000000000029678       0x52 ./USB_HOST/App/usb_host.o
 .debug_macro   0x00000000000296ca      0x40a ./USB_HOST/App/usb_host.o
 .debug_macro   0x0000000000029ad4      0x162 ./USB_HOST/App/usb_host.o